GSVQ IQuant sweep: tensors=18 preset=tuned device=cuda:7
[1/18] blk.0.attn_k.weight IQ3_XXS shape=(2560, 1024)
  init=1.93522264e-05 accepted=1.93522264e-05 delta=0.00000000e+00 rel=0.000% chunks=0/1 time=1.3s
[2/18] blk.0.attn_q.weight IQ3_XXS shape=(2560, 4096)
  init=9.71712871e-06 accepted=9.71712871e-06 delta=0.00000000e+00 rel=0.000% chunks=0/1 time=0.0s
[3/18] blk.0.ffn_gate.weight IQ3_S shape=(2560, 9728)
  init=1.72211221e-05 accepted=1.70567564e-05 delta=1.64365701e-07 rel=0.954% chunks=1/1 time=0.0s
[4/18] blk.0.ffn_up.weight IQ3_S shape=(2560, 9728)
  init=1.06598964e-05 accepted=1.05883346e-05 delta=7.15617716e-08 rel=0.671% chunks=1/1 time=0.0s
[5/18] blk.7.attn_k.weight IQ2_XS shape=(2560, 1024)
  init=4.81951356e-05 accepted=4.79016198e-05 delta=2.93515768e-07 rel=0.609% chunks=1/1 time=0.0s
[6/18] blk.7.attn_q.weight IQ2_XS shape=(2560, 4096)
  init=5.55055485e-05 accepted=5.54041071e-05 delta=1.01441401e-07 rel=0.183% chunks=1/1 time=0.0s
[7/18] blk.7.ffn_down.weight IQ3_S shape=(9728, 2560)
  init=1.24313920e-05 accepted=1.24313920e-05 delta=0.00000000e+00 rel=0.000% chunks=0/1 time=0.0s
[8/18] blk.7.ffn_gate.weight IQ2_S shape=(2560, 9728)
  init=4.93316620e-05 accepted=4.85623823e-05 delta=7.69279723e-07 rel=1.559% chunks=1/1 time=0.0s
[9/18] blk.7.ffn_up.weight IQ2_S shape=(2560, 9728)
  init=3.82630642e-05 accepted=3.79587073e-05 delta=3.04356945e-07 rel=0.795% chunks=1/1 time=0.0s
[10/18] blk.14.attn_k.weight IQ2_XS shape=(2560, 1024)
  init=5.66479684e-05 accepted=5.64300135e-05 delta=2.17954948e-07 rel=0.385% chunks=1/1 time=0.0s
[11/18] blk.14.attn_q.weight IQ2_XS shape=(2560, 4096)
  init=4.18440286e-05 accepted=4.18204727e-05 delta=2.35559128e-08 rel=0.056% chunks=1/1 time=0.0s
[12/18] blk.14.ffn_down.weight IQ3_S shape=(9728, 2560)
  init=2.29003235e-05 accepted=2.29003235e-05 delta=0.00000000e+00 rel=0.000% chunks=0/1 time=0.0s
[13/18] blk.14.ffn_gate.weight IQ2_S shape=(2560, 9728)
  init=6.35963297e-05 accepted=6.35254473e-05 delta=7.08823791e-08 rel=0.111% chunks=1/1 time=0.0s
[14/18] blk.14.ffn_up.weight IQ2_S shape=(2560, 9728)
  init=3.55643351e-05 accepted=3.54759686e-05 delta=8.83665052e-08 rel=0.248% chunks=1/1 time=0.0s
[15/18] blk.35.attn_k.weight IQ3_XXS shape=(2560, 1024)
  init=1.59844913e-05 accepted=1.59844913e-05 delta=0.00000000e+00 rel=0.000% chunks=0/1 time=0.1s
[16/18] blk.35.attn_q.weight IQ3_XXS shape=(2560, 4096)
  init=1.83727916e-05 accepted=1.83727916e-05 delta=0.00000000e+00 rel=0.000% chunks=0/1 time=0.0s
[17/18] blk.35.ffn_gate.weight IQ3_S shape=(2560, 9728)
  init=8.89753574e-06 accepted=8.89753574e-06 delta=0.00000000e+00 rel=0.000% chunks=0/1 time=0.1s
[18/18] blk.35.ffn_up.weight IQ3_S shape=(2560, 9728)
  init=9.02581996e-06 accepted=9.02581996e-06 delta=0.00000000e+00 rel=0.000% chunks=0/1 time=0.0s

Per-layer accepted reconstruction MSE reduction:
layer=0 tensors=4 1.42375934e-05->1.41786115e-05 delta=5.89818683e-08 rel=0.414%
layer=7 tensors=5 4.07453605e-05->4.04516417e-05 delta=2.93718767e-07 rel=0.721%
layer=14 tensors=5 4.41105971e-05->4.40304451e-05 delta=8.01519491e-08 rel=0.182%
layer=35 tensors=4 1.30701596e-05->1.30701596e-05 delta=0.00000000e+00 rel=0.000%

Wrote results to runtime/gsvq_iquant_hparam/20260516-041814/search/strength_0.5/20260516-042023_tuned
