GSVQ IQuant sweep: tensors=18 preset=tuned device=cuda:5
[1/18] blk.0.attn_k.weight IQ3_XXS shape=(2560, 1024)
  init=1.93522264e-05 accepted=1.93271881e-05 delta=2.50383891e-08 rel=0.129% chunks=1/1 time=1.3s
[2/18] blk.0.attn_q.weight IQ3_XXS shape=(2560, 4096)
  init=9.71712871e-06 accepted=9.71712871e-06 delta=0.00000000e+00 rel=0.000% chunks=0/1 time=0.0s
[3/18] blk.0.ffn_gate.weight IQ3_S shape=(2560, 9728)
  init=1.72211221e-05 accepted=1.69197847e-05 delta=3.01337423e-07 rel=1.750% chunks=1/1 time=0.0s
[4/18] blk.0.ffn_up.weight IQ3_S shape=(2560, 9728)
  init=1.06598964e-05 accepted=1.04016599e-05 delta=2.58236469e-07 rel=2.423% chunks=1/1 time=0.0s
[5/18] blk.7.attn_k.weight IQ2_XS shape=(2560, 1024)
  init=4.81951356e-05 accepted=4.76597270e-05 delta=5.35408617e-07 rel=1.111% chunks=1/1 time=0.0s
[6/18] blk.7.attn_q.weight IQ2_XS shape=(2560, 4096)
  init=5.55055485e-05 accepted=5.50521763e-05 delta=4.53372195e-07 rel=0.817% chunks=1/1 time=0.0s
[7/18] blk.7.ffn_down.weight IQ3_S shape=(9728, 2560)
  init=1.24313920e-05 accepted=1.24313920e-05 delta=0.00000000e+00 rel=0.000% chunks=0/1 time=0.0s
[8/18] blk.7.ffn_gate.weight IQ2_S shape=(2560, 9728)
  init=4.93316620e-05 accepted=4.86868084e-05 delta=6.44853571e-07 rel=1.307% chunks=1/1 time=0.0s
[9/18] blk.7.ffn_up.weight IQ2_S shape=(2560, 9728)
  init=3.82630642e-05 accepted=3.80622041e-05 delta=2.00860086e-07 rel=0.525% chunks=1/1 time=0.0s
[10/18] blk.14.attn_k.weight IQ2_XS shape=(2560, 1024)
  init=5.66479684e-05 accepted=5.63244466e-05 delta=3.23521817e-07 rel=0.571% chunks=1/1 time=0.0s
[11/18] blk.14.attn_q.weight IQ2_XS shape=(2560, 4096)
  init=4.18440286e-05 accepted=4.17501942e-05 delta=9.38343874e-08 rel=0.224% chunks=1/1 time=0.0s
[12/18] blk.14.ffn_down.weight IQ3_S shape=(9728, 2560)
  init=2.29003235e-05 accepted=2.27878518e-05 delta=1.12471753e-07 rel=0.491% chunks=1/1 time=0.0s
[13/18] blk.14.ffn_gate.weight IQ2_S shape=(2560, 9728)
  init=6.35963297e-05 accepted=6.34162425e-05 delta=1.80087227e-07 rel=0.283% chunks=1/1 time=0.0s
[14/18] blk.14.ffn_up.weight IQ2_S shape=(2560, 9728)
  init=3.55643351e-05 accepted=3.54710719e-05 delta=9.32632247e-08 rel=0.262% chunks=1/1 time=0.0s
[15/18] blk.35.attn_k.weight IQ3_XXS shape=(2560, 1024)
  init=1.59844913e-05 accepted=1.59815900e-05 delta=2.90128810e-09 rel=0.018% chunks=1/1 time=0.0s
[16/18] blk.35.attn_q.weight IQ3_XXS shape=(2560, 4096)
  init=1.83727916e-05 accepted=1.83692900e-05 delta=3.50155460e-09 rel=0.019% chunks=1/1 time=0.0s
[17/18] blk.35.ffn_gate.weight IQ3_S shape=(2560, 9728)
  init=8.89753574e-06 accepted=8.85092413e-06 delta=4.66116035e-08 rel=0.524% chunks=1/1 time=0.0s
[18/18] blk.35.ffn_up.weight IQ3_S shape=(2560, 9728)
  init=9.02581996e-06 accepted=9.02581996e-06 delta=0.00000000e+00 rel=0.000% chunks=0/1 time=0.0s

Per-layer accepted reconstruction MSE reduction:
layer=0 tensors=4 1.42375934e-05->1.40914403e-05 delta=1.46153070e-07 rel=1.027%
layer=7 tensors=5 4.07453605e-05->4.03784616e-05 delta=3.66898894e-07 rel=0.900%
layer=14 tensors=5 4.41105971e-05->4.39499614e-05 delta=1.60635682e-07 rel=0.364%
layer=35 tensors=4 1.30701596e-05->1.30569060e-05 delta=1.32536115e-08 rel=0.101%

Wrote results to runtime/gsvq_iquant_hparam/20260516-041814/search/scale_0.1_10/20260516-042145_tuned
