GSVQ IQuant sweep: tensors=18 preset=tuned device=cuda:6
[1/18] blk.0.attn_k.weight IQ3_XXS shape=(2560, 1024)
  init=1.93522264e-05 accepted=1.93375054e-05 delta=1.47210812e-08 rel=0.076% chunks=1/1 time=1.3s
[2/18] blk.0.attn_q.weight IQ3_XXS shape=(2560, 4096)
  init=9.71712871e-06 accepted=9.71712871e-06 delta=0.00000000e+00 rel=0.000% chunks=0/1 time=0.1s
[3/18] blk.0.ffn_gate.weight IQ3_S shape=(2560, 9728)
  init=1.72211221e-05 accepted=1.71393840e-05 delta=8.17381078e-08 rel=0.475% chunks=1/1 time=0.1s
[4/18] blk.0.ffn_up.weight IQ3_S shape=(2560, 9728)
  init=1.06598964e-05 accepted=1.05043855e-05 delta=1.55510861e-07 rel=1.459% chunks=1/1 time=0.1s
[5/18] blk.7.attn_k.weight IQ2_XS shape=(2560, 1024)
  init=4.81951356e-05 accepted=4.78060174e-05 delta=3.89118213e-07 rel=0.807% chunks=1/1 time=0.1s
[6/18] blk.7.attn_q.weight IQ2_XS shape=(2560, 4096)
  init=5.55055485e-05 accepted=5.55055485e-05 delta=0.00000000e+00 rel=0.000% chunks=0/1 time=0.1s
[7/18] blk.7.ffn_down.weight IQ3_S shape=(9728, 2560)
  init=1.24313920e-05 accepted=1.24313920e-05 delta=0.00000000e+00 rel=0.000% chunks=0/1 time=0.1s
[8/18] blk.7.ffn_gate.weight IQ2_S shape=(2560, 9728)
  init=4.93316620e-05 accepted=4.88345722e-05 delta=4.97089786e-07 rel=1.008% chunks=1/1 time=0.1s
[9/18] blk.7.ffn_up.weight IQ2_S shape=(2560, 9728)
  init=3.82630642e-05 accepted=3.82630642e-05 delta=0.00000000e+00 rel=0.000% chunks=0/1 time=0.1s
[10/18] blk.14.attn_k.weight IQ2_XS shape=(2560, 1024)
  init=5.66479684e-05 accepted=5.66349372e-05 delta=1.30312401e-08 rel=0.023% chunks=1/1 time=0.1s
[11/18] blk.14.attn_q.weight IQ2_XS shape=(2560, 4096)
  init=4.18440286e-05 accepted=4.18295531e-05 delta=1.44755177e-08 rel=0.035% chunks=1/1 time=0.1s
[12/18] blk.14.ffn_down.weight IQ3_S shape=(9728, 2560)
  init=2.29003235e-05 accepted=2.29003235e-05 delta=0.00000000e+00 rel=0.000% chunks=0/1 time=0.1s
[13/18] blk.14.ffn_gate.weight IQ2_S shape=(2560, 9728)
  init=6.35963297e-05 accepted=6.35963297e-05 delta=0.00000000e+00 rel=0.000% chunks=0/1 time=0.1s
[14/18] blk.14.ffn_up.weight IQ2_S shape=(2560, 9728)
  init=3.55643351e-05 accepted=3.55643351e-05 delta=0.00000000e+00 rel=0.000% chunks=0/1 time=0.1s
[15/18] blk.35.attn_k.weight IQ3_XXS shape=(2560, 1024)
  init=1.59844913e-05 accepted=1.59844913e-05 delta=0.00000000e+00 rel=0.000% chunks=0/1 time=0.1s
[16/18] blk.35.attn_q.weight IQ3_XXS shape=(2560, 4096)
  init=1.83727916e-05 accepted=1.83727916e-05 delta=0.00000000e+00 rel=0.000% chunks=0/1 time=0.1s
[17/18] blk.35.ffn_gate.weight IQ3_S shape=(2560, 9728)
  init=8.89753574e-06 accepted=8.81675260e-06 delta=8.07831384e-08 rel=0.908% chunks=1/1 time=0.1s
[18/18] blk.35.ffn_up.weight IQ3_S shape=(2560, 9728)
  init=9.02581996e-06 accepted=9.02581996e-06 delta=0.00000000e+00 rel=0.000% chunks=0/1 time=0.1s

Per-layer accepted reconstruction MSE reduction:
layer=0 tensors=4 1.42375934e-05->1.41746009e-05 delta=6.29925125e-08 rel=0.442%
layer=7 tensors=5 4.07453605e-05->4.05681189e-05 delta=1.77241600e-07 rel=0.435%
layer=14 tensors=5 4.41105971e-05->4.41050957e-05 delta=5.50135155e-09 rel=0.012%
layer=35 tensors=4 1.30701596e-05->1.30499639e-05 delta=2.01957846e-08 rel=0.155%

Wrote results to runtime/gsvq_iquant_hparam/20260516-041814/search/hard_lr02_steps50_c8/20260516-042307_tuned
