GSVQ IQuant sweep: tensors=45 preset=tuned device=cuda:7
[1/45] blk.0.attn_k.weight IQ3_XXS shape=(2560, 1024)
  init=2.05760007e-05 accepted=2.05759861e-05 delta=1.45519152e-11 rel=0.000% chunks=1/3 time=2.2s
[2/45] blk.0.attn_q.weight IQ3_XXS shape=(2560, 4096)
  init=1.84959273e-05 accepted=1.84950816e-05 delta=8.45648174e-10 rel=0.005% chunks=8/10 time=1.8s
[3/45] blk.0.ffn_gate.weight IQ3_S shape=(2560, 9728)
  init=1.10163828e-05 accepted=1.08880967e-05 delta=1.28286095e-07 rel=1.165% chunks=24/24 time=4.4s
[4/45] blk.0.ffn_up.weight IQ3_S shape=(2560, 9728)
  init=9.53652671e-06 accepted=9.43939247e-06 delta=9.71342448e-08 rel=1.019% chunks=24/24 time=4.4s
[5/45] blk.1.attn_k.weight IQ3_XXS shape=(2560, 1024)
  init=1.87695514e-05 accepted=1.85960431e-05 delta=1.73508306e-07 rel=0.924% chunks=3/3 time=0.5s
[6/45] blk.1.attn_q.weight IQ3_XXS shape=(2560, 4096)
  init=1.72237023e-05 accepted=1.70786737e-05 delta=1.45028662e-07 rel=0.842% chunks=10/10 time=1.8s
[7/45] blk.1.ffn_gate.weight IQ3_S shape=(2560, 9728)
  init=1.05864599e-05 accepted=1.03915008e-05 delta=1.94959058e-07 rel=1.842% chunks=24/24 time=4.4s
[8/45] blk.1.ffn_up.weight IQ3_S shape=(2560, 9728)
  init=4.81329263e-06 accepted=4.79128274e-06 delta=2.20098860e-08 rel=0.457% chunks=24/24 time=4.5s
[9/45] blk.6.attn_k.weight IQ3_XXS shape=(2560, 1024)
  init=1.86464094e-05 accepted=1.85774094e-05 delta=6.90000888e-08 rel=0.370% chunks=3/3 time=0.5s
[10/45] blk.6.attn_q.weight IQ3_XXS shape=(2560, 4096)
  init=1.95944758e-05 accepted=1.95398734e-05 delta=5.46024239e-08 rel=0.279% chunks=10/10 time=1.7s
[11/45] blk.6.ffn_gate.weight IQ3_S shape=(2560, 9728)
  init=1.47996464e-05 accepted=1.47725661e-05 delta=2.70803675e-08 rel=0.183% chunks=24/24 time=4.5s
[12/45] blk.6.ffn_up.weight IQ3_S shape=(2560, 9728)
  init=9.55678005e-06 accepted=9.55118958e-06 delta=5.59047246e-09 rel=0.058% chunks=24/24 time=4.5s
[13/45] blk.7.attn_k.weight IQ2_XS shape=(2560, 1024)
  init=5.07169716e-05 accepted=5.03032497e-05 delta=4.13721864e-07 rel=0.816% chunks=3/3 time=0.3s
[14/45] blk.7.attn_q.weight IQ2_XS shape=(2560, 4096)
  init=4.97437715e-05 accepted=4.94810229e-05 delta=2.62748654e-07 rel=0.528% chunks=10/10 time=1.4s
[15/45] blk.7.ffn_down.weight IQ3_S shape=(9728, 2560)
  init=9.67710119e-06 accepted=9.67023204e-06 delta=6.86915499e-09 rel=0.071% chunks=24/24 time=4.5s
[16/45] blk.7.ffn_gate.weight IQ2_S shape=(2560, 9728)
  init=4.80901347e-05 accepted=4.79636069e-05 delta=1.26527754e-07 rel=0.263% chunks=24/24 time=3.5s
[17/45] blk.7.ffn_up.weight IQ2_S shape=(2560, 9728)
  init=3.19665355e-05 accepted=3.19367824e-05 delta=2.97531522e-08 rel=0.093% chunks=24/24 time=3.5s
[18/45] blk.14.attn_k.weight IQ2_XS shape=(2560, 1024)
  init=5.00002439e-05 accepted=4.99159774e-05 delta=8.42665031e-08 rel=0.169% chunks=3/3 time=0.3s
[19/45] blk.14.attn_q.weight IQ2_XS shape=(2560, 4096)
  init=5.02440758e-05 accepted=5.01833612e-05 delta=6.07145921e-08 rel=0.121% chunks=10/10 time=1.4s
[20/45] blk.14.ffn_down.weight IQ3_S shape=(9728, 2560)
  init=1.04058129e-05 accepted=1.04007283e-05 delta=5.08462108e-09 rel=0.049% chunks=24/24 time=4.5s
[21/45] blk.14.ffn_gate.weight IQ2_S shape=(2560, 9728)
  init=3.74512523e-05 accepted=3.74251258e-05 delta=2.61264320e-08 rel=0.070% chunks=24/24 time=3.5s
[22/45] blk.14.ffn_up.weight IQ2_S shape=(2560, 9728)
  init=3.53377700e-05 accepted=3.53308536e-05 delta=6.91637213e-09 rel=0.020% chunks=24/24 time=3.6s
[23/45] blk.15.attn_k.weight IQ2_XS shape=(2560, 1024)
  init=5.01093578e-05 accepted=4.99638518e-05 delta=1.45506056e-07 rel=0.290% chunks=3/3 time=0.3s
[24/45] blk.15.attn_q.weight IQ2_XS shape=(2560, 4096)
  init=5.20571921e-05 accepted=5.19649719e-05 delta=9.22202162e-08 rel=0.177% chunks=10/10 time=1.3s
[25/45] blk.15.ffn_down.weight IQ3_S shape=(9728, 2560)
  init=1.02953659e-05 accepted=1.02904607e-05 delta=4.90514427e-09 rel=0.048% chunks=24/24 time=4.4s
[26/45] blk.15.ffn_gate.weight IQ2_S shape=(2560, 9728)
  init=3.50640222e-05 accepted=3.50416688e-05 delta=2.23533885e-08 rel=0.064% chunks=24/24 time=3.5s
[27/45] blk.15.ffn_up.weight IQ2_S shape=(2560, 9728)
  init=3.46126078e-05 accepted=3.46062147e-05 delta=6.39307760e-09 rel=0.018% chunks=24/24 time=3.6s
[28/45] blk.16.attn_k.weight IQ3_XXS shape=(2560, 1024)
  init=1.76421341e-05 accepted=1.76188893e-05 delta=2.32448656e-08 rel=0.132% chunks=3/3 time=0.4s
[29/45] blk.16.attn_q.weight IQ3_XXS shape=(2560, 4096)
  init=1.83967311e-05 accepted=1.83795370e-05 delta=1.71941792e-08 rel=0.093% chunks=10/10 time=1.8s
[30/45] blk.16.ffn_gate.weight IQ3_S shape=(2560, 9728)
  init=1.11175008e-05 accepted=1.11047111e-05 delta=1.27896496e-08 rel=0.115% chunks=24/24 time=4.4s
[31/45] blk.16.ffn_up.weight IQ3_S shape=(2560, 9728)
  init=1.03148022e-05 accepted=1.03096278e-05 delta=5.17443129e-09 rel=0.050% chunks=24/24 time=4.5s
[32/45] blk.17.attn_k.weight IQ2_XS shape=(2560, 1024)
  init=4.42632409e-05 accepted=4.41707729e-05 delta=9.24679625e-08 rel=0.209% chunks=3/3 time=0.4s
[33/45] blk.17.attn_q.weight IQ2_XS shape=(2560, 4096)
  init=5.14860931e-05 accepted=5.14240022e-05 delta=6.20908395e-08 rel=0.121% chunks=10/10 time=1.4s
[34/45] blk.17.ffn_down.weight IQ3_S shape=(9728, 2560)
  init=1.00500331e-05 accepted=1.00434313e-05 delta=6.60180185e-09 rel=0.066% chunks=24/24 time=4.4s
[35/45] blk.17.ffn_gate.weight IQ2_S shape=(2560, 9728)
  init=3.57955828e-05 accepted=3.57804748e-05 delta=1.51080282e-08 rel=0.042% chunks=24/24 time=3.6s
[36/45] blk.17.ffn_up.weight IQ2_S shape=(2560, 9728)
  init=3.43636106e-05 accepted=3.43559110e-05 delta=7.69957153e-09 rel=0.022% chunks=24/24 time=3.6s
[37/45] blk.18.attn_k.weight IQ2_XS shape=(2560, 1024)
  init=4.53928355e-05 accepted=4.52721833e-05 delta=1.20652112e-07 rel=0.266% chunks=3/3 time=0.3s
[38/45] blk.18.attn_q.weight IQ2_XS shape=(2560, 4096)
  init=4.82007872e-05 accepted=4.81224961e-05 delta=7.82911229e-08 rel=0.162% chunks=10/10 time=1.3s
[39/45] blk.18.ffn_down.weight IQ3_S shape=(9728, 2560)
  init=1.00622779e-05 accepted=1.00568287e-05 delta=5.44913698e-09 rel=0.054% chunks=24/24 time=4.4s
[40/45] blk.18.ffn_gate.weight IQ2_S shape=(2560, 9728)
  init=3.50936695e-05 accepted=3.50801120e-05 delta=1.35574833e-08 rel=0.039% chunks=24/24 time=3.6s
[41/45] blk.18.ffn_up.weight IQ2_S shape=(2560, 9728)
  init=3.43724797e-05 accepted=3.43654068e-05 delta=7.07288181e-09 rel=0.021% chunks=24/24 time=3.5s
[42/45] blk.35.attn_k.weight IQ3_XXS shape=(2560, 1024)
  init=1.59791627e-05 accepted=1.59789721e-05 delta=1.90630089e-10 rel=0.001% chunks=1/3 time=0.4s
[43/45] blk.35.attn_q.weight IQ3_XXS shape=(2560, 4096)
  init=1.72438712e-05 accepted=1.72430275e-05 delta=8.43738235e-10 rel=0.005% chunks=9/10 time=1.7s
[44/45] blk.35.ffn_gate.weight IQ3_S shape=(2560, 9728)
  init=1.24927946e-05 accepted=1.24671536e-05 delta=2.56410108e-08 rel=0.205% chunks=24/24 time=4.4s
[45/45] blk.35.ffn_up.weight IQ3_S shape=(2560, 9728)
  init=1.30075324e-05 accepted=1.29911743e-05 delta=1.63581334e-08 rel=0.126% chunks=24/24 time=4.4s

Per-layer accepted reconstruction MSE reduction:
layer=0 tensors=4 1.20755146e-05->1.19861442e-05 delta=8.93704320e-08 rel=0.740%
layer=1 tensors=4 9.74841706e-06->9.63113257e-06 delta=1.17284497e-07 rel=1.203%
layer=6 tensors=4 1.36837652e-05->1.36588576e-05 delta=2.49076152e-08 rel=0.182%
layer=7 tensors=5 3.29003846e-05->3.28103953e-05 delta=8.99893153e-08 rel=0.274%
layer=14 tensors=5 3.10844024e-05->3.10638252e-05 delta=2.05771765e-08 rel=0.066%
layer=15 tensors=5 3.03902115e-05->3.03653137e-05 delta=2.48978274e-08 rel=0.082%
layer=16 tensors=4 1.22848307e-05->1.22738857e-05 delta=1.09450146e-08 rel=0.089%
layer=17 tensors=5 3.02147840e-05->3.01962700e-05 delta=1.85140488e-08 rel=0.061%
layer=18 tensors=5 2.96631654e-05->2.96428200e-05 delta=2.03454291e-08 rel=0.069%
layer=35 tensors=4 1.36336564e-05->1.36168832e-05 delta=1.67732272e-08 rel=0.123%

Wrote results to runtime/gsvq_iquant_hparam/20260516-041814/full/hard_lion_lr005_steps50/20260516-042450_tuned
