GSVQ IQuant sweep: tensors=18 preset=tuned device=cuda:3
[1/18] blk.0.attn_k.weight IQ3_XXS shape=(2560, 1024)
  init=1.93522264e-05 accepted=1.93515007e-05 delta=7.25776772e-10 rel=0.004% chunks=1/1 time=1.5s
[2/18] blk.0.attn_q.weight IQ3_XXS shape=(2560, 4096)
  init=9.71712871e-06 accepted=9.71712871e-06 delta=0.00000000e+00 rel=0.000% chunks=0/1 time=0.1s
[3/18] blk.0.ffn_gate.weight IQ3_S shape=(2560, 9728)
  init=1.72211221e-05 accepted=1.67140097e-05 delta=5.07112418e-07 rel=2.945% chunks=1/1 time=0.1s
[4/18] blk.0.ffn_up.weight IQ3_S shape=(2560, 9728)
  init=1.06598964e-05 accepted=1.02957711e-05 delta=3.64125299e-07 rel=3.416% chunks=1/1 time=0.1s
[5/18] blk.7.attn_k.weight IQ2_XS shape=(2560, 1024)
  init=4.81951356e-05 accepted=4.79268929e-05 delta=2.68242729e-07 rel=0.557% chunks=1/1 time=0.1s
[6/18] blk.7.attn_q.weight IQ2_XS shape=(2560, 4096)
  init=5.55055485e-05 accepted=5.55055485e-05 delta=0.00000000e+00 rel=0.000% chunks=0/1 time=0.1s
[7/18] blk.7.ffn_down.weight IQ3_S shape=(9728, 2560)
  init=1.24313920e-05 accepted=1.24313920e-05 delta=0.00000000e+00 rel=0.000% chunks=0/1 time=0.1s
[8/18] blk.7.ffn_gate.weight IQ2_S shape=(2560, 9728)
  init=4.93316620e-05 accepted=4.91113533e-05 delta=2.20308721e-07 rel=0.447% chunks=1/1 time=0.1s
[9/18] blk.7.ffn_up.weight IQ2_S shape=(2560, 9728)
  init=3.82630642e-05 accepted=3.82630642e-05 delta=0.00000000e+00 rel=0.000% chunks=0/1 time=0.1s
[10/18] blk.14.attn_k.weight IQ2_XS shape=(2560, 1024)
  init=5.66479684e-05 accepted=5.66349372e-05 delta=1.30312401e-08 rel=0.023% chunks=1/1 time=0.1s
[11/18] blk.14.attn_q.weight IQ2_XS shape=(2560, 4096)
  init=4.18440286e-05 accepted=4.18355194e-05 delta=8.50923243e-09 rel=0.020% chunks=1/1 time=0.1s
[12/18] blk.14.ffn_down.weight IQ3_S shape=(9728, 2560)
  init=2.29003235e-05 accepted=2.29003235e-05 delta=0.00000000e+00 rel=0.000% chunks=0/1 time=0.2s
[13/18] blk.14.ffn_gate.weight IQ2_S shape=(2560, 9728)
  init=6.35963297e-05 accepted=6.35963297e-05 delta=0.00000000e+00 rel=0.000% chunks=0/1 time=0.1s
[14/18] blk.14.ffn_up.weight IQ2_S shape=(2560, 9728)
  init=3.55643351e-05 accepted=3.55643351e-05 delta=0.00000000e+00 rel=0.000% chunks=0/1 time=0.1s
[15/18] blk.35.attn_k.weight IQ3_XXS shape=(2560, 1024)
  init=1.59844913e-05 accepted=1.59844913e-05 delta=0.00000000e+00 rel=0.000% chunks=0/1 time=0.2s
[16/18] blk.35.attn_q.weight IQ3_XXS shape=(2560, 4096)
  init=1.83727916e-05 accepted=1.83727916e-05 delta=0.00000000e+00 rel=0.000% chunks=0/1 time=0.2s
[17/18] blk.35.ffn_gate.weight IQ3_S shape=(2560, 9728)
  init=8.89753574e-06 accepted=8.81141750e-06 delta=8.61182343e-08 rel=0.968% chunks=1/1 time=0.1s
[18/18] blk.35.ffn_up.weight IQ3_S shape=(2560, 9728)
  init=9.02581996e-06 accepted=9.02581996e-06 delta=0.00000000e+00 rel=0.000% chunks=0/1 time=0.2s

Per-layer accepted reconstruction MSE reduction:
layer=0 tensors=4 1.42375934e-05->1.40196025e-05 delta=2.17990873e-07 rel=1.531%
layer=7 tensors=5 4.07453605e-05->4.06476502e-05 delta=9.77102900e-08 rel=0.240%
layer=14 tensors=5 4.41105971e-05->4.41062890e-05 delta=4.30809450e-09 rel=0.010%
layer=35 tensors=4 1.30701596e-05->1.30486301e-05 delta=2.15295586e-08 rel=0.165%

Wrote results to runtime/gsvq_iquant_hparam/20260516-041814/search/hard_lr02_steps100_c8/20260516-042324_tuned
