GSVQ IQuant sweep: tensors=18 preset=tuned device=cuda:3
[1/18] blk.0.attn_k.weight IQ3_XXS shape=(2560, 1024)
  init=1.93522264e-05 accepted=1.93226388e-05 delta=2.95876816e-08 rel=0.153% chunks=1/1 time=1.3s
[2/18] blk.0.attn_q.weight IQ3_XXS shape=(2560, 4096)
  init=9.71712871e-06 accepted=9.71712871e-06 delta=0.00000000e+00 rel=0.000% chunks=0/1 time=0.0s
[3/18] blk.0.ffn_gate.weight IQ3_S shape=(2560, 9728)
  init=1.72211221e-05 accepted=1.68623392e-05 delta=3.58782927e-07 rel=2.083% chunks=1/1 time=0.1s
[4/18] blk.0.ffn_up.weight IQ3_S shape=(2560, 9728)
  init=1.06598964e-05 accepted=1.04364108e-05 delta=2.23485586e-07 rel=2.097% chunks=1/1 time=0.1s
[5/18] blk.7.attn_k.weight IQ2_XS shape=(2560, 1024)
  init=4.81951356e-05 accepted=4.76954956e-05 delta=4.99640009e-07 rel=1.037% chunks=1/1 time=0.0s
[6/18] blk.7.attn_q.weight IQ2_XS shape=(2560, 4096)
  init=5.55055485e-05 accepted=5.52604797e-05 delta=2.45068804e-07 rel=0.442% chunks=1/1 time=0.0s
[7/18] blk.7.ffn_down.weight IQ3_S shape=(9728, 2560)
  init=1.24313920e-05 accepted=1.24313920e-05 delta=0.00000000e+00 rel=0.000% chunks=0/1 time=0.0s
[8/18] blk.7.ffn_gate.weight IQ2_S shape=(2560, 9728)
  init=4.93316620e-05 accepted=4.92117251e-05 delta=1.19936885e-07 rel=0.243% chunks=1/1 time=0.0s
[9/18] blk.7.ffn_up.weight IQ2_S shape=(2560, 9728)
  init=3.82630642e-05 accepted=3.81659229e-05 delta=9.71413101e-08 rel=0.254% chunks=1/1 time=0.0s
[10/18] blk.14.attn_k.weight IQ2_XS shape=(2560, 1024)
  init=5.66479684e-05 accepted=5.63871290e-05 delta=2.60839442e-07 rel=0.460% chunks=1/1 time=0.0s
[11/18] blk.14.attn_q.weight IQ2_XS shape=(2560, 4096)
  init=4.18440286e-05 accepted=4.17998745e-05 delta=4.41541488e-08 rel=0.106% chunks=1/1 time=0.0s
[12/18] blk.14.ffn_down.weight IQ3_S shape=(9728, 2560)
  init=2.29003235e-05 accepted=2.29003235e-05 delta=0.00000000e+00 rel=0.000% chunks=0/1 time=0.0s
[13/18] blk.14.ffn_gate.weight IQ2_S shape=(2560, 9728)
  init=6.35963297e-05 accepted=6.34067983e-05 delta=1.89531420e-07 rel=0.298% chunks=1/1 time=0.0s
[14/18] blk.14.ffn_up.weight IQ2_S shape=(2560, 9728)
  init=3.55643351e-05 accepted=3.55636766e-05 delta=6.58474164e-10 rel=0.002% chunks=1/1 time=0.0s
[15/18] blk.35.attn_k.weight IQ3_XXS shape=(2560, 1024)
  init=1.59844913e-05 accepted=1.59796564e-05 delta=4.83487383e-09 rel=0.030% chunks=1/1 time=0.0s
[16/18] blk.35.attn_q.weight IQ3_XXS shape=(2560, 4096)
  init=1.83727916e-05 accepted=1.83727916e-05 delta=0.00000000e+00 rel=0.000% chunks=0/1 time=0.0s
[17/18] blk.35.ffn_gate.weight IQ3_S shape=(2560, 9728)
  init=8.89753574e-06 accepted=8.79959043e-06 delta=9.79453034e-08 rel=1.101% chunks=1/1 time=0.0s
[18/18] blk.35.ffn_up.weight IQ3_S shape=(2560, 9728)
  init=9.02581996e-06 accepted=9.01564999e-06 delta=1.01699698e-08 rel=0.113% chunks=1/1 time=0.0s

Per-layer accepted reconstruction MSE reduction:
layer=0 tensors=4 1.42375934e-05->1.40846294e-05 delta=1.52964049e-07 rel=1.074%
layer=7 tensors=5 4.07453605e-05->4.05530031e-05 delta=1.92357402e-07 rel=0.472%
layer=14 tensors=5 4.41105971e-05->4.40115604e-05 delta=9.90366971e-08 rel=0.225%
layer=35 tensors=4 1.30701596e-05->1.30419221e-05 delta=2.82375368e-08 rel=0.216%

Wrote results to runtime/gsvq_iquant_hparam/20260516-041814/search/temp_1.5_0.05/20260516-042123_tuned
