GSVQ IQuant sweep: tensors=18 preset=tuned device=cuda:6
[1/18] blk.0.attn_k.weight IQ3_XXS shape=(2560, 1024)
  init=1.93522264e-05 accepted=1.93329488e-05 delta=1.92776497e-08 rel=0.100% chunks=1/1 time=1.4s
[2/18] blk.0.attn_q.weight IQ3_XXS shape=(2560, 4096)
  init=9.71712871e-06 accepted=9.71545523e-06 delta=1.67347025e-09 rel=0.017% chunks=1/1 time=0.1s
[3/18] blk.0.ffn_gate.weight IQ3_S shape=(2560, 9728)
  init=1.72211221e-05 accepted=1.64381490e-05 delta=7.82973075e-07 rel=4.547% chunks=1/1 time=0.1s
[4/18] blk.0.ffn_up.weight IQ3_S shape=(2560, 9728)
  init=1.06598964e-05 accepted=1.00593734e-05 delta=6.00522981e-07 rel=5.633% chunks=1/1 time=0.1s
[5/18] blk.7.attn_k.weight IQ2_XS shape=(2560, 1024)
  init=4.81951356e-05 accepted=4.75320303e-05 delta=6.63105311e-07 rel=1.376% chunks=1/1 time=0.1s
[6/18] blk.7.attn_q.weight IQ2_XS shape=(2560, 4096)
  init=5.55055485e-05 accepted=5.52391975e-05 delta=2.66350980e-07 rel=0.480% chunks=1/1 time=0.1s
[7/18] blk.7.ffn_down.weight IQ3_S shape=(9728, 2560)
  init=1.24313920e-05 accepted=1.24313920e-05 delta=0.00000000e+00 rel=0.000% chunks=0/1 time=0.1s
[8/18] blk.7.ffn_gate.weight IQ2_S shape=(2560, 9728)
  init=4.93316620e-05 accepted=4.89788581e-05 delta=3.52803909e-07 rel=0.715% chunks=1/1 time=0.1s
[9/18] blk.7.ffn_up.weight IQ2_S shape=(2560, 9728)
  init=3.82630642e-05 accepted=3.81566133e-05 delta=1.06450898e-07 rel=0.278% chunks=1/1 time=0.1s
[10/18] blk.14.attn_k.weight IQ2_XS shape=(2560, 1024)
  init=5.66479684e-05 accepted=5.64457805e-05 delta=2.02187948e-07 rel=0.357% chunks=1/1 time=0.1s
[11/18] blk.14.attn_q.weight IQ2_XS shape=(2560, 4096)
  init=4.18440286e-05 accepted=4.17921146e-05 delta=5.19139576e-08 rel=0.124% chunks=1/1 time=0.1s
[12/18] blk.14.ffn_down.weight IQ3_S shape=(9728, 2560)
  init=2.29003235e-05 accepted=2.28655135e-05 delta=3.48100002e-08 rel=0.152% chunks=1/1 time=0.2s
[13/18] blk.14.ffn_gate.weight IQ2_S shape=(2560, 9728)
  init=6.35963297e-05 accepted=6.34154931e-05 delta=1.80836651e-07 rel=0.284% chunks=1/1 time=0.1s
[14/18] blk.14.ffn_up.weight IQ2_S shape=(2560, 9728)
  init=3.55643351e-05 accepted=3.55393422e-05 delta=2.49929144e-08 rel=0.070% chunks=1/1 time=0.1s
[15/18] blk.35.attn_k.weight IQ3_XXS shape=(2560, 1024)
  init=1.59844913e-05 accepted=1.59844240e-05 delta=6.73026079e-11 rel=0.000% chunks=1/1 time=0.1s
[16/18] blk.35.attn_q.weight IQ3_XXS shape=(2560, 4096)
  init=1.83727916e-05 accepted=1.83727916e-05 delta=0.00000000e+00 rel=0.000% chunks=0/1 time=0.2s
[17/18] blk.35.ffn_gate.weight IQ3_S shape=(2560, 9728)
  init=8.89753574e-06 accepted=8.71212251e-06 delta=1.85413228e-07 rel=2.084% chunks=1/1 time=0.1s
[18/18] blk.35.ffn_up.weight IQ3_S shape=(2560, 9728)
  init=9.02581996e-06 accepted=9.00461964e-06 delta=2.12003215e-08 rel=0.235% chunks=1/1 time=0.1s

Per-layer accepted reconstruction MSE reduction:
layer=0 tensors=4 1.42375934e-05->1.38864816e-05 delta=3.51111794e-07 rel=2.466%
layer=7 tensors=5 4.07453605e-05->4.04676182e-05 delta=2.77742220e-07 rel=0.682%
layer=14 tensors=5 4.41105971e-05->4.40116488e-05 delta=9.89482942e-08 rel=0.224%
layer=35 tensors=4 1.30701596e-05->1.30184894e-05 delta=5.16702130e-08 rel=0.395%

Wrote results to runtime/gsvq_iquant_hparam/20260516-041814/search/steps_100/20260516-041923_tuned
