GSVQ IQuant sweep: tensors=45 preset=tuned device=cuda:7
[1/45] blk.0.attn_k.weight IQ3_XXS shape=(2560, 1024)
  init=2.05760007e-05 accepted=2.05660934e-05 delta=9.90730769e-09 rel=0.048% chunks=3/3 time=2.0s
[2/45] blk.0.attn_q.weight IQ3_XXS shape=(2560, 4096)
  init=1.84959273e-05 accepted=1.84864421e-05 delta=9.48512024e-09 rel=0.051% chunks=9/10 time=2.4s
[3/45] blk.0.ffn_gate.weight IQ3_S shape=(2560, 9728)
  init=1.10163828e-05 accepted=1.10127223e-05 delta=3.66049598e-09 rel=0.033% chunks=17/24 time=6.4s
[4/45] blk.0.ffn_up.weight IQ3_S shape=(2560, 9728)
  init=9.53652671e-06 accepted=9.53489575e-06 delta=1.63096334e-09 rel=0.017% chunks=11/24 time=6.4s
[5/45] blk.1.attn_k.weight IQ3_XXS shape=(2560, 1024)
  init=1.87695514e-05 accepted=1.87214551e-05 delta=4.80962626e-08 rel=0.256% chunks=3/3 time=0.6s
[6/45] blk.1.attn_q.weight IQ3_XXS shape=(2560, 4096)
  init=1.72237023e-05 accepted=1.71881244e-05 delta=3.55779775e-08 rel=0.207% chunks=10/10 time=2.4s
[7/45] blk.1.ffn_gate.weight IQ3_S shape=(2560, 9728)
  init=1.05864599e-05 accepted=1.05822917e-05 delta=4.16820823e-09 rel=0.039% chunks=17/24 time=6.4s
[8/45] blk.1.ffn_up.weight IQ3_S shape=(2560, 9728)
  init=4.81329263e-06 accepted=4.81271863e-06 delta=5.73996467e-10 rel=0.012% chunks=7/24 time=6.4s
[9/45] blk.6.attn_k.weight IQ3_XXS shape=(2560, 1024)
  init=1.86464094e-05 accepted=1.86160294e-05 delta=3.03800334e-08 rel=0.163% chunks=3/3 time=0.6s
[10/45] blk.6.attn_q.weight IQ3_XXS shape=(2560, 4096)
  init=1.95944758e-05 accepted=1.95666547e-05 delta=2.78210791e-08 rel=0.142% chunks=10/10 time=2.4s
[11/45] blk.6.ffn_gate.weight IQ3_S shape=(2560, 9728)
  init=1.47996464e-05 accepted=1.47869913e-05 delta=1.26551497e-08 rel=0.086% chunks=24/24 time=6.4s
[12/45] blk.6.ffn_up.weight IQ3_S shape=(2560, 9728)
  init=9.55678005e-06 accepted=9.55601382e-06 delta=7.66234926e-10 rel=0.008% chunks=6/24 time=6.4s
[13/45] blk.7.attn_k.weight IQ2_XS shape=(2560, 1024)
  init=5.07169716e-05 accepted=5.04099073e-05 delta=3.07064329e-07 rel=0.605% chunks=3/3 time=0.5s
[14/45] blk.7.attn_q.weight IQ2_XS shape=(2560, 4096)
  init=4.97437715e-05 accepted=4.95894808e-05 delta=1.54290683e-07 rel=0.310% chunks=10/10 time=1.9s
[15/45] blk.7.ffn_down.weight IQ3_S shape=(9728, 2560)
  init=9.67710119e-06 accepted=9.67680680e-06 delta=2.94389075e-10 rel=0.003% chunks=3/24 time=6.3s
[16/45] blk.7.ffn_gate.weight IQ2_S shape=(2560, 9728)
  init=4.80901347e-05 accepted=4.79443449e-05 delta=1.45789741e-07 rel=0.303% chunks=24/24 time=5.5s
[17/45] blk.7.ffn_up.weight IQ2_S shape=(2560, 9728)
  init=3.19665355e-05 accepted=3.19574207e-05 delta=9.11486016e-09 rel=0.029% chunks=24/24 time=5.5s
[18/45] blk.14.attn_k.weight IQ2_XS shape=(2560, 1024)
  init=5.00002439e-05 accepted=4.99549431e-05 delta=4.53008397e-08 rel=0.091% chunks=3/3 time=0.5s
[19/45] blk.14.attn_q.weight IQ2_XS shape=(2560, 4096)
  init=5.02440758e-05 accepted=5.01880579e-05 delta=5.60179615e-08 rel=0.111% chunks=10/10 time=1.9s
[20/45] blk.14.ffn_down.weight IQ3_S shape=(9728, 2560)
  init=1.04058129e-05 accepted=1.04053739e-05 delta=4.39046600e-10 rel=0.004% chunks=2/24 time=6.2s
[21/45] blk.14.ffn_gate.weight IQ2_S shape=(2560, 9728)
  init=3.74512523e-05 accepted=3.74297971e-05 delta=2.14551906e-08 rel=0.057% chunks=23/24 time=5.5s
[22/45] blk.14.ffn_up.weight IQ2_S shape=(2560, 9728)
  init=3.53377700e-05 accepted=3.53321151e-05 delta=5.65483596e-09 rel=0.016% chunks=22/24 time=5.5s
[23/45] blk.15.attn_k.weight IQ2_XS shape=(2560, 1024)
  init=5.01093578e-05 accepted=4.99993912e-05 delta=1.09966641e-07 rel=0.219% chunks=3/3 time=0.5s
[24/45] blk.15.attn_q.weight IQ2_XS shape=(2560, 4096)
  init=5.20571921e-05 accepted=5.20223792e-05 delta=3.48129106e-08 rel=0.067% chunks=10/10 time=1.9s
[25/45] blk.15.ffn_down.weight IQ3_S shape=(9728, 2560)
  init=1.02953659e-05 accepted=1.02949134e-05 delta=4.52449680e-10 rel=0.004% chunks=4/24 time=6.3s
[26/45] blk.15.ffn_gate.weight IQ2_S shape=(2560, 9728)
  init=3.50640222e-05 accepted=3.50470464e-05 delta=1.69758048e-08 rel=0.048% chunks=24/24 time=5.5s
[27/45] blk.15.ffn_up.weight IQ2_S shape=(2560, 9728)
  init=3.46126078e-05 accepted=3.46057631e-05 delta=6.84472309e-09 rel=0.020% chunks=22/24 time=5.5s
[28/45] blk.16.attn_k.weight IQ3_XXS shape=(2560, 1024)
  init=1.76421341e-05 accepted=1.76316666e-05 delta=1.04675564e-08 rel=0.059% chunks=3/3 time=0.6s
[29/45] blk.16.attn_q.weight IQ3_XXS shape=(2560, 4096)
  init=1.83967311e-05 accepted=1.83826891e-05 delta=1.40420525e-08 rel=0.076% chunks=10/10 time=2.4s
[30/45] blk.16.ffn_gate.weight IQ3_S shape=(2560, 9728)
  init=1.11175008e-05 accepted=1.11150232e-05 delta=2.47761675e-09 rel=0.022% chunks=15/24 time=6.3s
[31/45] blk.16.ffn_up.weight IQ3_S shape=(2560, 9728)
  init=1.03148022e-05 accepted=1.03144773e-05 delta=3.24852360e-10 rel=0.003% chunks=6/24 time=6.3s
[32/45] blk.17.attn_k.weight IQ2_XS shape=(2560, 1024)
  init=4.42632409e-05 accepted=4.41561060e-05 delta=1.07134838e-07 rel=0.242% chunks=3/3 time=0.5s
[33/45] blk.17.attn_q.weight IQ2_XS shape=(2560, 4096)
  init=5.14860931e-05 accepted=5.14515246e-05 delta=3.45684384e-08 rel=0.067% chunks=10/10 time=1.9s
[34/45] blk.17.ffn_down.weight IQ3_S shape=(9728, 2560)
  init=1.00500331e-05 accepted=1.00493701e-05 delta=6.62935475e-10 rel=0.007% chunks=3/24 time=6.3s
[35/45] blk.17.ffn_gate.weight IQ2_S shape=(2560, 9728)
  init=3.57955828e-05 accepted=3.57840168e-05 delta=1.15660154e-08 rel=0.032% chunks=20/24 time=5.9s
[36/45] blk.17.ffn_up.weight IQ2_S shape=(2560, 9728)
  init=3.43636106e-05 accepted=3.43579556e-05 delta=5.65498914e-09 rel=0.016% chunks=21/24 time=5.5s
[37/45] blk.18.attn_k.weight IQ2_XS shape=(2560, 1024)
  init=4.53928355e-05 accepted=4.52563938e-05 delta=1.36441668e-07 rel=0.301% chunks=3/3 time=0.5s
[38/45] blk.18.attn_q.weight IQ2_XS shape=(2560, 4096)
  init=4.82007872e-05 accepted=4.81629970e-05 delta=3.77902325e-08 rel=0.078% chunks=10/10 time=1.9s
[39/45] blk.18.ffn_down.weight IQ3_S shape=(9728, 2560)
  init=1.00622779e-05 accepted=1.00620401e-05 delta=2.37808930e-10 rel=0.002% chunks=2/24 time=6.3s
[40/45] blk.18.ffn_gate.weight IQ2_S shape=(2560, 9728)
  init=3.50936695e-05 accepted=3.50860920e-05 delta=7.57745032e-09 rel=0.022% chunks=21/24 time=5.4s
[41/45] blk.18.ffn_up.weight IQ2_S shape=(2560, 9728)
  init=3.43724797e-05 accepted=3.43676745e-05 delta=4.80515729e-09 rel=0.014% chunks=22/24 time=5.5s
[42/45] blk.35.attn_k.weight IQ3_XXS shape=(2560, 1024)
  init=1.59791627e-05 accepted=1.59791096e-05 delta=5.31144906e-11 rel=0.000% chunks=1/3 time=0.6s
[43/45] blk.35.attn_q.weight IQ3_XXS shape=(2560, 4096)
  init=1.72438712e-05 accepted=1.72400038e-05 delta=3.86744432e-09 rel=0.022% chunks=10/10 time=2.3s
[44/45] blk.35.ffn_gate.weight IQ3_S shape=(2560, 9728)
  init=1.24927946e-05 accepted=1.24807081e-05 delta=1.20864570e-08 rel=0.097% chunks=22/24 time=6.3s
[45/45] blk.35.ffn_up.weight IQ3_S shape=(2560, 9728)
  init=1.30075324e-05 accepted=1.30066038e-05 delta=9.28661106e-10 rel=0.007% chunks=15/24 time=6.2s

Per-layer accepted reconstruction MSE reduction:
layer=0 tensors=4 1.20755146e-05->1.20714264e-05 delta=4.08819384e-09 rel=0.034%
layer=1 tensors=4 9.74841706e-06->9.73860627e-06 delta=9.81079656e-09 rel=0.101%
layer=6 tensors=4 1.36837652e-05->1.36725499e-05 delta=1.12153126e-08 rel=0.082%
layer=7 tensors=5 3.29003846e-05->3.28287841e-05 delta=7.16005215e-08 rel=0.218%
layer=14 tensors=5 3.10844024e-05->3.10685490e-05 delta=1.58533994e-08 rel=0.051%
layer=15 tensors=5 3.03902115e-05->3.03758888e-05 delta=1.43227334e-08 rel=0.047%
layer=16 tensors=4 1.22848307e-05->1.22809449e-05 delta=3.88580096e-09 rel=0.032%
layer=17 tensors=5 3.02147840e-05->3.02023868e-05 delta=1.23971947e-08 rel=0.041%
layer=18 tensors=5 2.96631654e-05->2.96510013e-05 delta=1.21640763e-08 rel=0.041%
layer=35 tensors=4 1.36336564e-05->1.36278578e-05 delta=5.79860474e-09 rel=0.043%

Wrote results to runtime/gsvq_iquant_hparam/20260516-041814/full/hard_restart3_lr01/20260516-042727_tuned
