GSVQ IQuant sweep: tensors=18 preset=tuned device=cuda:6
[1/18] blk.0.attn_k.weight IQ3_XXS shape=(2560, 1024)
  init=1.93522264e-05 accepted=1.93134620e-05 delta=3.87644832e-08 rel=0.200% chunks=1/1 time=1.4s
[2/18] blk.0.attn_q.weight IQ3_XXS shape=(2560, 4096)
  init=9.71712871e-06 accepted=9.71694953e-06 delta=1.79170456e-10 rel=0.002% chunks=1/1 time=0.1s
[3/18] blk.0.ffn_gate.weight IQ3_S shape=(2560, 9728)
  init=1.72211221e-05 accepted=1.67490325e-05 delta=4.72089596e-07 rel=2.741% chunks=1/1 time=0.1s
[4/18] blk.0.ffn_up.weight IQ3_S shape=(2560, 9728)
  init=1.06598964e-05 accepted=1.04036590e-05 delta=2.56237399e-07 rel=2.404% chunks=1/1 time=0.0s
[5/18] blk.7.attn_k.weight IQ2_XS shape=(2560, 1024)
  init=4.81951356e-05 accepted=4.78518377e-05 delta=3.43297870e-07 rel=0.712% chunks=1/1 time=0.0s
[6/18] blk.7.attn_q.weight IQ2_XS shape=(2560, 4096)
  init=5.55055485e-05 accepted=5.52067722e-05 delta=2.98776285e-07 rel=0.538% chunks=1/1 time=0.0s
[7/18] blk.7.ffn_down.weight IQ3_S shape=(9728, 2560)
  init=1.24313920e-05 accepted=1.24313920e-05 delta=0.00000000e+00 rel=0.000% chunks=0/1 time=0.0s
[8/18] blk.7.ffn_gate.weight IQ2_S shape=(2560, 9728)
  init=4.93316620e-05 accepted=4.87802754e-05 delta=5.51386620e-07 rel=1.118% chunks=1/1 time=0.0s
[9/18] blk.7.ffn_up.weight IQ2_S shape=(2560, 9728)
  init=3.82630642e-05 accepted=3.81291538e-05 delta=1.33910362e-07 rel=0.350% chunks=1/1 time=0.0s
[10/18] blk.14.attn_k.weight IQ2_XS shape=(2560, 1024)
  init=5.66479684e-05 accepted=5.64078000e-05 delta=2.40168447e-07 rel=0.424% chunks=1/1 time=0.0s
[11/18] blk.14.attn_q.weight IQ2_XS shape=(2560, 4096)
  init=4.18440286e-05 accepted=4.18227355e-05 delta=2.12930900e-08 rel=0.051% chunks=1/1 time=0.0s
[12/18] blk.14.ffn_down.weight IQ3_S shape=(9728, 2560)
  init=2.29003235e-05 accepted=2.29003235e-05 delta=0.00000000e+00 rel=0.000% chunks=0/1 time=0.0s
[13/18] blk.14.ffn_gate.weight IQ2_S shape=(2560, 9728)
  init=6.35963297e-05 accepted=6.34542375e-05 delta=1.42092176e-07 rel=0.223% chunks=1/1 time=0.0s
[14/18] blk.14.ffn_up.weight IQ2_S shape=(2560, 9728)
  init=3.55643351e-05 accepted=3.55643351e-05 delta=0.00000000e+00 rel=0.000% chunks=0/1 time=0.0s
[15/18] blk.35.attn_k.weight IQ3_XXS shape=(2560, 1024)
  init=1.59844913e-05 accepted=1.59844913e-05 delta=0.00000000e+00 rel=0.000% chunks=0/1 time=0.1s
[16/18] blk.35.attn_q.weight IQ3_XXS shape=(2560, 4096)
  init=1.83727916e-05 accepted=1.83644534e-05 delta=8.33824743e-09 rel=0.045% chunks=1/1 time=0.0s
[17/18] blk.35.ffn_gate.weight IQ3_S shape=(2560, 9728)
  init=8.89753574e-06 accepted=8.82573113e-06 delta=7.18046067e-08 rel=0.807% chunks=1/1 time=0.0s
[18/18] blk.35.ffn_up.weight IQ3_S shape=(2560, 9728)
  init=9.02581996e-06 accepted=9.02478041e-06 delta=1.03955244e-09 rel=0.012% chunks=1/1 time=0.1s

Per-layer accepted reconstruction MSE reduction:
layer=0 tensors=4 1.42375934e-05->1.40457757e-05 delta=1.91817662e-07 rel=1.347%
layer=7 tensors=5 4.07453605e-05->4.04798862e-05 delta=2.65474227e-07 rel=0.652%
layer=14 tensors=5 4.41105971e-05->4.40298863e-05 delta=8.07107426e-08 rel=0.183%
layer=35 tensors=4 1.30701596e-05->1.30498640e-05 delta=2.02956016e-08 rel=0.155%

Wrote results to runtime/gsvq_iquant_hparam/20260516-041814/search/temp_0.7_0.05/20260516-042125_tuned
