GSVQ IQuant sweep: tensors=18 preset=tuned device=cuda:5
[1/18] blk.0.attn_k.weight IQ3_XXS shape=(2560, 1024)
  init=1.93522264e-05 accepted=1.93375054e-05 delta=1.47210812e-08 rel=0.076% chunks=1/1 time=1.3s
[2/18] blk.0.attn_q.weight IQ3_XXS shape=(2560, 4096)
  init=9.71712871e-06 accepted=9.71712871e-06 delta=0.00000000e+00 rel=0.000% chunks=0/1 time=0.0s
[3/18] blk.0.ffn_gate.weight IQ3_S shape=(2560, 9728)
  init=1.72211221e-05 accepted=1.70277017e-05 delta=1.93420419e-07 rel=1.123% chunks=1/1 time=0.0s
[4/18] blk.0.ffn_up.weight IQ3_S shape=(2560, 9728)
  init=1.06598964e-05 accepted=1.04294541e-05 delta=2.30442311e-07 rel=2.162% chunks=1/1 time=0.0s
[5/18] blk.7.attn_k.weight IQ2_XS shape=(2560, 1024)
  init=4.81951356e-05 accepted=4.78433903e-05 delta=3.51745257e-07 rel=0.730% chunks=1/1 time=0.0s
[6/18] blk.7.attn_q.weight IQ2_XS shape=(2560, 4096)
  init=5.55055485e-05 accepted=5.53623322e-05 delta=1.43216312e-07 rel=0.258% chunks=1/1 time=0.0s
[7/18] blk.7.ffn_down.weight IQ3_S shape=(9728, 2560)
  init=1.24313920e-05 accepted=1.24313920e-05 delta=0.00000000e+00 rel=0.000% chunks=0/1 time=0.1s
[8/18] blk.7.ffn_gate.weight IQ2_S shape=(2560, 9728)
  init=4.93316620e-05 accepted=4.91537321e-05 delta=1.77929905e-07 rel=0.361% chunks=1/1 time=0.0s
[9/18] blk.7.ffn_up.weight IQ2_S shape=(2560, 9728)
  init=3.82630642e-05 accepted=3.81584759e-05 delta=1.04588253e-07 rel=0.273% chunks=1/1 time=0.0s
[10/18] blk.14.attn_k.weight IQ2_XS shape=(2560, 1024)
  init=5.66479684e-05 accepted=5.66479684e-05 delta=0.00000000e+00 rel=0.000% chunks=0/1 time=0.0s
[11/18] blk.14.attn_q.weight IQ2_XS shape=(2560, 4096)
  init=4.18440286e-05 accepted=4.18440286e-05 delta=0.00000000e+00 rel=0.000% chunks=0/1 time=0.0s
[12/18] blk.14.ffn_down.weight IQ3_S shape=(9728, 2560)
  init=2.29003235e-05 accepted=2.29003235e-05 delta=0.00000000e+00 rel=0.000% chunks=0/1 time=0.0s
[13/18] blk.14.ffn_gate.weight IQ2_S shape=(2560, 9728)
  init=6.35963297e-05 accepted=6.34824100e-05 delta=1.13919668e-07 rel=0.179% chunks=1/1 time=0.0s
[14/18] blk.14.ffn_up.weight IQ2_S shape=(2560, 9728)
  init=3.55643351e-05 accepted=3.55643351e-05 delta=0.00000000e+00 rel=0.000% chunks=0/1 time=0.0s
[15/18] blk.35.attn_k.weight IQ3_XXS shape=(2560, 1024)
  init=1.59844913e-05 accepted=1.59844913e-05 delta=0.00000000e+00 rel=0.000% chunks=0/1 time=0.0s
[16/18] blk.35.attn_q.weight IQ3_XXS shape=(2560, 4096)
  init=1.83727916e-05 accepted=1.83727916e-05 delta=0.00000000e+00 rel=0.000% chunks=0/1 time=0.0s
[17/18] blk.35.ffn_gate.weight IQ3_S shape=(2560, 9728)
  init=8.89753574e-06 accepted=8.81113920e-06 delta=8.63965397e-08 rel=0.971% chunks=1/1 time=0.0s
[18/18] blk.35.ffn_up.weight IQ3_S shape=(2560, 9728)
  init=9.02581996e-06 accepted=9.02299871e-06 delta=2.82125256e-09 rel=0.031% chunks=1/1 time=0.0s

Per-layer accepted reconstruction MSE reduction:
layer=0 tensors=4 1.42375934e-05->1.41279475e-05 delta=1.09645953e-07 rel=0.770%
layer=7 tensors=5 4.07453605e-05->4.05898645e-05 delta=1.55495945e-07 rel=0.382%
layer=14 tensors=5 4.41105971e-05->4.40878131e-05 delta=2.27839337e-08 rel=0.052%
layer=35 tensors=4 1.30701596e-05->1.30478552e-05 delta=2.23044481e-08 rel=0.171%

Wrote results to runtime/gsvq_iquant_hparam/20260516-041814/search/strength_0.1/20260516-042024_tuned
