GSVQ IQuant sweep: tensors=18 preset=tuned device=cuda:7
[1/18] blk.0.attn_k.weight IQ3_XXS shape=(2560, 1024)
  init=1.93522264e-05 accepted=1.93003034e-05 delta=5.19230525e-08 rel=0.268% chunks=1/1 time=1.3s
[2/18] blk.0.attn_q.weight IQ3_XXS shape=(2560, 4096)
  init=9.71712871e-06 accepted=9.71109148e-06 delta=6.03722583e-09 rel=0.062% chunks=1/1 time=0.0s
[3/18] blk.0.ffn_gate.weight IQ3_S shape=(2560, 9728)
  init=1.72211221e-05 accepted=1.62900124e-05 delta=9.31109753e-07 rel=5.407% chunks=1/1 time=0.0s
[4/18] blk.0.ffn_up.weight IQ3_S shape=(2560, 9728)
  init=1.06598964e-05 accepted=1.01019123e-05 delta=5.57984094e-07 rel=5.234% chunks=1/1 time=0.0s
[5/18] blk.7.attn_k.weight IQ2_XS shape=(2560, 1024)
  init=4.81951356e-05 accepted=4.74718108e-05 delta=7.23324774e-07 rel=1.501% chunks=1/1 time=0.0s
[6/18] blk.7.attn_q.weight IQ2_XS shape=(2560, 4096)
  init=5.55055485e-05 accepted=5.49831238e-05 delta=5.22424671e-07 rel=0.941% chunks=1/1 time=0.0s
[7/18] blk.7.ffn_down.weight IQ3_S shape=(9728, 2560)
  init=1.24313920e-05 accepted=1.23742120e-05 delta=5.71799319e-08 rel=0.460% chunks=1/1 time=0.0s
[8/18] blk.7.ffn_gate.weight IQ2_S shape=(2560, 9728)
  init=4.93316620e-05 accepted=4.85081400e-05 delta=8.23521987e-07 rel=1.669% chunks=1/1 time=0.0s
[9/18] blk.7.ffn_up.weight IQ2_S shape=(2560, 9728)
  init=3.82630642e-05 accepted=3.79155535e-05 delta=3.47510650e-07 rel=0.908% chunks=1/1 time=0.0s
[10/18] blk.14.attn_k.weight IQ2_XS shape=(2560, 1024)
  init=5.66479684e-05 accepted=5.62081768e-05 delta=4.39791620e-07 rel=0.776% chunks=1/1 time=0.0s
[11/18] blk.14.attn_q.weight IQ2_XS shape=(2560, 4096)
  init=4.18440286e-05 accepted=4.16303228e-05 delta=2.13705789e-07 rel=0.511% chunks=1/1 time=0.0s
[12/18] blk.14.ffn_down.weight IQ3_S shape=(9728, 2560)
  init=2.29003235e-05 accepted=2.24501200e-05 delta=4.50203515e-07 rel=1.966% chunks=1/1 time=0.0s
[13/18] blk.14.ffn_gate.weight IQ2_S shape=(2560, 9728)
  init=6.35963297e-05 accepted=6.34675816e-05 delta=1.28748070e-07 rel=0.202% chunks=1/1 time=0.0s
[14/18] blk.14.ffn_up.weight IQ2_S shape=(2560, 9728)
  init=3.55643351e-05 accepted=3.54533986e-05 delta=1.10936526e-07 rel=0.312% chunks=1/1 time=0.0s
[15/18] blk.35.attn_k.weight IQ3_XXS shape=(2560, 1024)
  init=1.59844913e-05 accepted=1.59700503e-05 delta=1.44409569e-08 rel=0.090% chunks=1/1 time=0.0s
[16/18] blk.35.attn_q.weight IQ3_XXS shape=(2560, 4096)
  init=1.83727916e-05 accepted=1.83512711e-05 delta=2.15204636e-08 rel=0.117% chunks=1/1 time=0.0s
[17/18] blk.35.ffn_gate.weight IQ3_S shape=(2560, 9728)
  init=8.89753574e-06 accepted=8.71962220e-06 delta=1.77913535e-07 rel=2.000% chunks=1/1 time=0.0s
[18/18] blk.35.ffn_up.weight IQ3_S shape=(2560, 9728)
  init=9.02581996e-06 accepted=8.99149927e-06 delta=3.43206921e-08 rel=0.380% chunks=1/1 time=0.0s

Per-layer accepted reconstruction MSE reduction:
layer=0 tensors=4 1.42375934e-05->1.38508299e-05 delta=3.86763531e-07 rel=2.716%
layer=7 tensors=5 4.07453605e-05->4.02505681e-05 delta=4.94792403e-07 rel=1.214%
layer=14 tensors=5 4.41105971e-05->4.38419200e-05 delta=2.68677104e-07 rel=0.609%
layer=35 tensors=4 1.30701596e-05->1.30081107e-05 delta=6.20489118e-08 rel=0.475%

Wrote results to runtime/gsvq_iquant_hparam/20260516-041814/search/cand_4_n2_t2/20260516-041923_tuned
