GSVQ IQuant sweep: tensors=18 preset=tuned device=cuda:7
[1/18] blk.0.attn_k.weight IQ3_XXS shape=(2560, 1024)
  init=1.93522264e-05 accepted=1.93295891e-05 delta=2.26373231e-08 rel=0.117% chunks=1/1 time=1.4s
[2/18] blk.0.attn_q.weight IQ3_XXS shape=(2560, 4096)
  init=9.71712871e-06 accepted=9.71712871e-06 delta=0.00000000e+00 rel=0.000% chunks=0/1 time=0.1s
[3/18] blk.0.ffn_gate.weight IQ3_S shape=(2560, 9728)
  init=1.72211221e-05 accepted=1.68108691e-05 delta=4.10253051e-07 rel=2.382% chunks=1/1 time=0.1s
[4/18] blk.0.ffn_up.weight IQ3_S shape=(2560, 9728)
  init=1.06598964e-05 accepted=1.03319280e-05 delta=3.27968337e-07 rel=3.077% chunks=1/1 time=0.1s
[5/18] blk.7.attn_k.weight IQ2_XS shape=(2560, 1024)
  init=4.81951356e-05 accepted=4.77052126e-05 delta=4.89922968e-07 rel=1.017% chunks=1/1 time=0.1s
[6/18] blk.7.attn_q.weight IQ2_XS shape=(2560, 4096)
  init=5.55055485e-05 accepted=5.52057390e-05 delta=2.99809471e-07 rel=0.540% chunks=1/1 time=0.1s
[7/18] blk.7.ffn_down.weight IQ3_S shape=(9728, 2560)
  init=1.24313920e-05 accepted=1.24313920e-05 delta=0.00000000e+00 rel=0.000% chunks=0/1 time=0.1s
[8/18] blk.7.ffn_gate.weight IQ2_S shape=(2560, 9728)
  init=4.93316620e-05 accepted=4.87948819e-05 delta=5.36780135e-07 rel=1.088% chunks=1/1 time=0.1s
[9/18] blk.7.ffn_up.weight IQ2_S shape=(2560, 9728)
  init=3.82630642e-05 accepted=3.81167629e-05 delta=1.46301318e-07 rel=0.382% chunks=1/1 time=0.1s
[10/18] blk.14.attn_k.weight IQ2_XS shape=(2560, 1024)
  init=5.66479684e-05 accepted=5.63852373e-05 delta=2.62731191e-07 rel=0.464% chunks=1/1 time=0.1s
[11/18] blk.14.attn_q.weight IQ2_XS shape=(2560, 4096)
  init=4.18440286e-05 accepted=4.17849806e-05 delta=5.90480340e-08 rel=0.141% chunks=1/1 time=0.1s
[12/18] blk.14.ffn_down.weight IQ3_S shape=(9728, 2560)
  init=2.29003235e-05 accepted=2.28875706e-05 delta=1.27529347e-08 rel=0.056% chunks=1/1 time=0.1s
[13/18] blk.14.ffn_gate.weight IQ2_S shape=(2560, 9728)
  init=6.35963297e-05 accepted=6.34067983e-05 delta=1.89531420e-07 rel=0.298% chunks=1/1 time=0.1s
[14/18] blk.14.ffn_up.weight IQ2_S shape=(2560, 9728)
  init=3.55643351e-05 accepted=3.55636766e-05 delta=6.58474164e-10 rel=0.002% chunks=1/1 time=0.1s
[15/18] blk.35.attn_k.weight IQ3_XXS shape=(2560, 1024)
  init=1.59844913e-05 accepted=1.59773990e-05 delta=7.09223968e-09 rel=0.044% chunks=1/1 time=0.1s
[16/18] blk.35.attn_q.weight IQ3_XXS shape=(2560, 4096)
  init=1.83727916e-05 accepted=1.83723787e-05 delta=4.12910595e-10 rel=0.002% chunks=1/1 time=0.1s
[17/18] blk.35.ffn_gate.weight IQ3_S shape=(2560, 9728)
  init=8.89753574e-06 accepted=8.78632272e-06 delta=1.11213012e-07 rel=1.250% chunks=1/1 time=0.1s
[18/18] blk.35.ffn_up.weight IQ3_S shape=(2560, 9728)
  init=9.02581996e-06 accepted=9.01517978e-06 delta=1.06401785e-08 rel=0.118% chunks=1/1 time=0.1s

Per-layer accepted reconstruction MSE reduction:
layer=0 tensors=4 1.42375934e-05->1.40473787e-05 delta=1.90214678e-07 rel=1.336%
layer=7 tensors=5 4.07453605e-05->4.04507977e-05 delta=2.94562778e-07 rel=0.723%
layer=14 tensors=5 4.41105971e-05->4.40056527e-05 delta=1.04944411e-07 rel=0.238%
layer=35 tensors=4 1.30701596e-05->1.30378201e-05 delta=3.23395852e-08 rel=0.247%

Wrote results to runtime/gsvq_iquant_hparam/20260516-041814/search/restart_3/20260516-042244_tuned
