GSVQ IQuant sweep: tensors=45 preset=tuned device=cuda:5
[1/45] blk.0.attn_k.weight IQ3_XXS shape=(2560, 1024)
  init=2.05760007e-05 accepted=2.05612370e-05 delta=1.47636456e-08 rel=0.072% chunks=3/3 time=1.8s
[2/45] blk.0.attn_q.weight IQ3_XXS shape=(2560, 4096)
  init=1.84959273e-05 accepted=1.84844062e-05 delta=1.15211151e-08 rel=0.062% chunks=9/10 time=1.8s
[3/45] blk.0.ffn_gate.weight IQ3_S shape=(2560, 9728)
  init=1.10163828e-05 accepted=1.10088580e-05 delta=7.52480494e-09 rel=0.068% chunks=21/24 time=4.5s
[4/45] blk.0.ffn_up.weight IQ3_S shape=(2560, 9728)
  init=9.53652671e-06 accepted=9.53360791e-06 delta=2.91880784e-09 rel=0.031% chunks=15/24 time=4.5s
[5/45] blk.1.attn_k.weight IQ3_XXS shape=(2560, 1024)
  init=1.87695514e-05 accepted=1.86798738e-05 delta=8.96776328e-08 rel=0.478% chunks=3/3 time=0.5s
[6/45] blk.1.attn_q.weight IQ3_XXS shape=(2560, 4096)
  init=1.72237023e-05 accepted=1.71614452e-05 delta=6.22571861e-08 rel=0.361% chunks=10/10 time=1.9s
[7/45] blk.1.ffn_gate.weight IQ3_S shape=(2560, 9728)
  init=1.05864599e-05 accepted=1.05766506e-05 delta=9.80929288e-09 rel=0.093% chunks=23/24 time=4.4s
[8/45] blk.1.ffn_up.weight IQ3_S shape=(2560, 9728)
  init=4.81329263e-06 accepted=4.81196235e-06 delta=1.33027961e-09 rel=0.028% chunks=10/24 time=4.4s
[9/45] blk.6.attn_k.weight IQ3_XXS shape=(2560, 1024)
  init=1.86464094e-05 accepted=1.85922683e-05 delta=5.41411282e-08 rel=0.290% chunks=3/3 time=0.5s
[10/45] blk.6.attn_q.weight IQ3_XXS shape=(2560, 4096)
  init=1.95944758e-05 accepted=1.95454910e-05 delta=4.89848389e-08 rel=0.250% chunks=10/10 time=1.8s
[11/45] blk.6.ffn_gate.weight IQ3_S shape=(2560, 9728)
  init=1.47996464e-05 accepted=1.47817077e-05 delta=1.79387203e-08 rel=0.121% chunks=23/24 time=4.5s
[12/45] blk.6.ffn_up.weight IQ3_S shape=(2560, 9728)
  init=9.55678005e-06 accepted=9.55595028e-06 delta=8.29765524e-10 rel=0.009% chunks=5/24 time=4.5s
[13/45] blk.7.attn_k.weight IQ2_XS shape=(2560, 1024)
  init=5.07169716e-05 accepted=5.01580435e-05 delta=5.58928150e-07 rel=1.102% chunks=3/3 time=0.4s
[14/45] blk.7.attn_q.weight IQ2_XS shape=(2560, 4096)
  init=4.97437715e-05 accepted=4.94409953e-05 delta=3.02776243e-07 rel=0.609% chunks=10/10 time=1.4s
[15/45] blk.7.ffn_down.weight IQ3_S shape=(9728, 2560)
  init=9.67710119e-06 accepted=9.67681218e-06 delta=2.89008695e-10 rel=0.003% chunks=2/24 time=4.5s
[16/45] blk.7.ffn_gate.weight IQ2_S shape=(2560, 9728)
  init=4.80901347e-05 accepted=4.79061459e-05 delta=1.83988749e-07 rel=0.383% chunks=24/24 time=3.6s
[17/45] blk.7.ffn_up.weight IQ2_S shape=(2560, 9728)
  init=3.19665355e-05 accepted=3.19541402e-05 delta=1.23953214e-08 rel=0.039% chunks=24/24 time=3.7s
[18/45] blk.14.attn_k.weight IQ2_XS shape=(2560, 1024)
  init=5.00002439e-05 accepted=4.98661175e-05 delta=1.34126458e-07 rel=0.268% chunks=3/3 time=0.4s
[19/45] blk.14.attn_q.weight IQ2_XS shape=(2560, 4096)
  init=5.02440758e-05 accepted=5.01649527e-05 delta=7.91231287e-08 rel=0.157% chunks=10/10 time=1.4s
[20/45] blk.14.ffn_down.weight IQ3_S shape=(9728, 2560)
  init=1.04058129e-05 accepted=1.04053768e-05 delta=4.36097923e-10 rel=0.004% chunks=1/24 time=4.4s
[21/45] blk.14.ffn_gate.weight IQ2_S shape=(2560, 9728)
  init=3.74512523e-05 accepted=3.74140003e-05 delta=3.72519073e-08 rel=0.099% chunks=24/24 time=3.7s
[22/45] blk.14.ffn_up.weight IQ2_S shape=(2560, 9728)
  init=3.53377700e-05 accepted=3.53291897e-05 delta=8.58023046e-09 rel=0.024% chunks=24/24 time=3.6s
[23/45] blk.15.attn_k.weight IQ2_XS shape=(2560, 1024)
  init=5.01093578e-05 accepted=4.98988607e-05 delta=2.10497092e-07 rel=0.420% chunks=3/3 time=0.4s
[24/45] blk.15.attn_q.weight IQ2_XS shape=(2560, 4096)
  init=5.20571921e-05 accepted=5.19985937e-05 delta=5.85983798e-08 rel=0.113% chunks=10/10 time=1.3s
[25/45] blk.15.ffn_down.weight IQ3_S shape=(9728, 2560)
  init=1.02953659e-05 accepted=1.02949881e-05 delta=3.77775378e-10 rel=0.004% chunks=3/24 time=4.5s
[26/45] blk.15.ffn_gate.weight IQ2_S shape=(2560, 9728)
  init=3.50640222e-05 accepted=3.50313750e-05 delta=3.26472218e-08 rel=0.093% chunks=24/24 time=3.6s
[27/45] blk.15.ffn_up.weight IQ2_S shape=(2560, 9728)
  init=3.46126078e-05 accepted=3.46036431e-05 delta=8.96466908e-09 rel=0.026% chunks=23/24 time=3.6s
[28/45] blk.16.attn_k.weight IQ3_XXS shape=(2560, 1024)
  init=1.76421341e-05 accepted=1.76177698e-05 delta=2.43642717e-08 rel=0.138% chunks=3/3 time=0.5s
[29/45] blk.16.attn_q.weight IQ3_XXS shape=(2560, 4096)
  init=1.83967311e-05 accepted=1.83733386e-05 delta=2.33925675e-08 rel=0.127% chunks=10/10 time=1.8s
[30/45] blk.16.ffn_gate.weight IQ3_S shape=(2560, 9728)
  init=1.11175008e-05 accepted=1.11143523e-05 delta=3.14850791e-09 rel=0.028% chunks=16/24 time=4.4s
[31/45] blk.16.ffn_up.weight IQ3_S shape=(2560, 9728)
  init=1.03148022e-05 accepted=1.03144036e-05 delta=3.98569299e-10 rel=0.004% chunks=9/24 time=4.4s
[32/45] blk.17.attn_k.weight IQ2_XS shape=(2560, 1024)
  init=4.42632409e-05 accepted=4.40954034e-05 delta=1.67837425e-07 rel=0.379% chunks=3/3 time=0.4s
[33/45] blk.17.attn_q.weight IQ2_XS shape=(2560, 4096)
  init=5.14860931e-05 accepted=5.14488653e-05 delta=3.72278009e-08 rel=0.072% chunks=10/10 time=1.3s
[34/45] blk.17.ffn_down.weight IQ3_S shape=(9728, 2560)
  init=1.00500331e-05 accepted=1.00494798e-05 delta=5.53298282e-10 rel=0.006% chunks=2/24 time=4.5s
[35/45] blk.17.ffn_gate.weight IQ2_S shape=(2560, 9728)
  init=3.57955828e-05 accepted=3.57755631e-05 delta=2.00197591e-08 rel=0.056% chunks=23/24 time=3.6s
[36/45] blk.17.ffn_up.weight IQ2_S shape=(2560, 9728)
  init=3.43636106e-05 accepted=3.43537937e-05 delta=9.81683690e-09 rel=0.029% chunks=23/24 time=3.7s
[37/45] blk.18.attn_k.weight IQ2_XS shape=(2560, 1024)
  init=4.53928355e-05 accepted=4.51534077e-05 delta=2.39427754e-07 rel=0.527% chunks=3/3 time=0.4s
[38/45] blk.18.attn_q.weight IQ2_XS shape=(2560, 4096)
  init=4.82007872e-05 accepted=4.81486812e-05 delta=5.21060429e-08 rel=0.108% chunks=10/10 time=1.4s
[39/45] blk.18.ffn_down.weight IQ3_S shape=(9728, 2560)
  init=1.00622779e-05 accepted=1.00620253e-05 delta=2.52590613e-10 rel=0.003% chunks=1/24 time=4.4s
[40/45] blk.18.ffn_gate.weight IQ2_S shape=(2560, 9728)
  init=3.50936695e-05 accepted=3.50829361e-05 delta=1.07333395e-08 rel=0.031% chunks=23/24 time=3.6s
[41/45] blk.18.ffn_up.weight IQ2_S shape=(2560, 9728)
  init=3.43724797e-05 accepted=3.43651132e-05 delta=7.36640926e-09 rel=0.021% chunks=24/24 time=3.5s
[42/45] blk.35.attn_k.weight IQ3_XXS shape=(2560, 1024)
  init=1.59791627e-05 accepted=1.59791627e-05 delta=0.00000000e+00 rel=0.000% chunks=0/3 time=0.4s
[43/45] blk.35.attn_q.weight IQ3_XXS shape=(2560, 4096)
  init=1.72438712e-05 accepted=1.72381693e-05 delta=5.70189513e-09 rel=0.033% chunks=10/10 time=1.7s
[44/45] blk.35.ffn_gate.weight IQ3_S shape=(2560, 9728)
  init=1.24927946e-05 accepted=1.24762857e-05 delta=1.65089276e-08 rel=0.132% chunks=23/24 time=4.4s
[45/45] blk.35.ffn_up.weight IQ3_S shape=(2560, 9728)
  init=1.30075324e-05 accepted=1.30062667e-05 delta=1.26575814e-09 rel=0.010% chunks=14/24 time=4.4s

Per-layer accepted reconstruction MSE reduction:
layer=0 tensors=4 1.20755146e-05->1.20688453e-05 delta=6.66926780e-09 rel=0.055%
layer=1 tensors=4 9.74841706e-06->9.72989488e-06 delta=1.85221798e-08 rel=0.190%
layer=6 tensors=4 1.36837652e-05->1.36659160e-05 delta=1.78492125e-08 rel=0.130%
layer=7 tensors=5 3.29003846e-05->3.27917749e-05 delta=1.08609772e-07 rel=0.330%
layer=14 tensors=5 3.10844024e-05->3.10578303e-05 delta=2.65721556e-08 rel=0.085%
layer=15 tensors=5 3.03902115e-05->3.03650237e-05 delta=2.51878341e-08 rel=0.083%
layer=16 tensors=4 1.22848307e-05->1.22785127e-05 delta=6.31799063e-09 rel=0.051%
layer=17 tensors=5 3.02147840e-05->3.01967108e-05 delta=1.80732127e-08 rel=0.060%
layer=18 tensors=5 2.96631654e-05->2.96445923e-05 delta=1.85731089e-08 rel=0.063%
layer=35 tensors=4 1.36336564e-05->1.36256703e-05 delta=7.98612897e-09 rel=0.059%

Wrote results to runtime/gsvq_iquant_hparam/20260516-041814/full/steps_50/20260516-042613_tuned
