GSVQ IQuant sweep: tensors=45 preset=tuned device=cuda:3
[1/45] blk.0.attn_k.weight IQ3_XXS shape=(2560, 1024)
  init=2.05760007e-05 accepted=2.05758719e-05 delta=1.28784450e-10 rel=0.001% chunks=1/3 time=1.5s
[2/45] blk.0.attn_q.weight IQ3_XXS shape=(2560, 4096)
  init=1.84959273e-05 accepted=1.84934571e-05 delta=2.47018761e-09 rel=0.013% chunks=3/10 time=0.8s
[3/45] blk.0.ffn_gate.weight IQ3_S shape=(2560, 9728)
  init=1.10163828e-05 accepted=1.10162409e-05 delta=1.41919468e-10 rel=0.001% chunks=1/24 time=2.2s
[4/45] blk.0.ffn_up.weight IQ3_S shape=(2560, 9728)
  init=9.53652671e-06 accepted=9.53652671e-06 delta=0.00000000e+00 rel=0.000% chunks=0/24 time=2.2s
[5/45] blk.1.attn_k.weight IQ3_XXS shape=(2560, 1024)
  init=1.87695514e-05 accepted=1.87660080e-05 delta=3.54339136e-09 rel=0.019% chunks=2/3 time=0.2s
[6/45] blk.1.attn_q.weight IQ3_XXS shape=(2560, 4096)
  init=1.72237023e-05 accepted=1.72151692e-05 delta=8.53315214e-09 rel=0.050% chunks=4/10 time=0.9s
[7/45] blk.1.ffn_gate.weight IQ3_S shape=(2560, 9728)
  init=1.05864599e-05 accepted=1.05864599e-05 delta=0.00000000e+00 rel=0.000% chunks=0/24 time=2.3s
[8/45] blk.1.ffn_up.weight IQ3_S shape=(2560, 9728)
  init=4.81329263e-06 accepted=4.81329263e-06 delta=0.00000000e+00 rel=0.000% chunks=0/24 time=2.2s
[9/45] blk.6.attn_k.weight IQ3_XXS shape=(2560, 1024)
  init=1.86464094e-05 accepted=1.86357302e-05 delta=1.06792868e-08 rel=0.057% chunks=3/3 time=0.2s
[10/45] blk.6.attn_q.weight IQ3_XXS shape=(2560, 4096)
  init=1.95944758e-05 accepted=1.95931209e-05 delta=1.35496521e-09 rel=0.007% chunks=5/10 time=0.8s
[11/45] blk.6.ffn_gate.weight IQ3_S shape=(2560, 9728)
  init=1.47996464e-05 accepted=1.47984466e-05 delta=1.19980541e-09 rel=0.008% chunks=6/24 time=2.2s
[12/45] blk.6.ffn_up.weight IQ3_S shape=(2560, 9728)
  init=9.55678005e-06 accepted=9.55678005e-06 delta=0.00000000e+00 rel=0.000% chunks=0/24 time=2.2s
[13/45] blk.7.attn_k.weight IQ2_XS shape=(2560, 1024)
  init=5.07169716e-05 accepted=5.05849588e-05 delta=1.32012792e-07 rel=0.260% chunks=3/3 time=0.2s
[14/45] blk.7.attn_q.weight IQ2_XS shape=(2560, 4096)
  init=4.97437715e-05 accepted=4.96796361e-05 delta=6.41353836e-08 rel=0.129% chunks=10/10 time=0.7s
[15/45] blk.7.ffn_down.weight IQ3_S shape=(9728, 2560)
  init=9.67710119e-06 accepted=9.67710119e-06 delta=0.00000000e+00 rel=0.000% chunks=0/24 time=2.3s
[16/45] blk.7.ffn_gate.weight IQ2_S shape=(2560, 9728)
  init=4.80901347e-05 accepted=4.80297321e-05 delta=6.04025493e-08 rel=0.126% chunks=16/24 time=2.0s
[17/45] blk.7.ffn_up.weight IQ2_S shape=(2560, 9728)
  init=3.19665355e-05 accepted=3.19641654e-05 delta=2.37012405e-09 rel=0.007% chunks=3/24 time=1.9s
[18/45] blk.14.attn_k.weight IQ2_XS shape=(2560, 1024)
  init=5.00002439e-05 accepted=4.99768401e-05 delta=2.34038453e-08 rel=0.047% chunks=3/3 time=0.2s
[19/45] blk.14.attn_q.weight IQ2_XS shape=(2560, 4096)
  init=5.02440758e-05 accepted=5.02064624e-05 delta=3.76134267e-08 rel=0.075% chunks=10/10 time=0.7s
[20/45] blk.14.ffn_down.weight IQ3_S shape=(9728, 2560)
  init=1.04058129e-05 accepted=1.04053768e-05 delta=4.36097923e-10 rel=0.004% chunks=1/24 time=2.2s
[21/45] blk.14.ffn_gate.weight IQ2_S shape=(2560, 9728)
  init=3.74512523e-05 accepted=3.74438055e-05 delta=7.44675115e-09 rel=0.020% chunks=9/24 time=1.9s
[22/45] blk.14.ffn_up.weight IQ2_S shape=(2560, 9728)
  init=3.53377700e-05 accepted=3.53355175e-05 delta=2.25248330e-09 rel=0.006% chunks=5/24 time=1.9s
[23/45] blk.15.attn_k.weight IQ2_XS shape=(2560, 1024)
  init=5.01093578e-05 accepted=5.00603855e-05 delta=4.89722879e-08 rel=0.098% chunks=3/3 time=0.2s
[24/45] blk.15.attn_q.weight IQ2_XS shape=(2560, 4096)
  init=5.20571921e-05 accepted=5.20258123e-05 delta=3.13797500e-08 rel=0.060% chunks=10/10 time=0.7s
[25/45] blk.15.ffn_down.weight IQ3_S shape=(9728, 2560)
  init=1.02953659e-05 accepted=1.02952413e-05 delta=1.24610348e-10 rel=0.001% chunks=1/24 time=2.2s
[26/45] blk.15.ffn_gate.weight IQ2_S shape=(2560, 9728)
  init=3.50640222e-05 accepted=3.50544590e-05 delta=9.56321233e-09 rel=0.027% chunks=8/24 time=1.9s
[27/45] blk.15.ffn_up.weight IQ2_S shape=(2560, 9728)
  init=3.46126078e-05 accepted=3.46103075e-05 delta=2.30027485e-09 rel=0.007% chunks=6/24 time=1.9s
[28/45] blk.16.attn_k.weight IQ3_XXS shape=(2560, 1024)
  init=1.76421341e-05 accepted=1.76421341e-05 delta=0.00000000e+00 rel=0.000% chunks=0/3 time=0.2s
[29/45] blk.16.attn_q.weight IQ3_XXS shape=(2560, 4096)
  init=1.83967311e-05 accepted=1.83946608e-05 delta=2.07037374e-09 rel=0.011% chunks=5/10 time=0.8s
[30/45] blk.16.ffn_gate.weight IQ3_S shape=(2560, 9728)
  init=1.11175008e-05 accepted=1.11167211e-05 delta=7.79676300e-10 rel=0.007% chunks=2/24 time=2.2s
[31/45] blk.16.ffn_up.weight IQ3_S shape=(2560, 9728)
  init=1.03148022e-05 accepted=1.03143476e-05 delta=4.54632467e-10 rel=0.004% chunks=1/24 time=2.2s
[32/45] blk.17.attn_k.weight IQ2_XS shape=(2560, 1024)
  init=4.42632409e-05 accepted=4.42080811e-05 delta=5.51597623e-08 rel=0.125% chunks=3/3 time=0.2s
[33/45] blk.17.attn_q.weight IQ2_XS shape=(2560, 4096)
  init=5.14860931e-05 accepted=5.14645551e-05 delta=2.15379259e-08 rel=0.042% chunks=9/10 time=0.7s
[34/45] blk.17.ffn_down.weight IQ3_S shape=(9728, 2560)
  init=1.00500331e-05 accepted=1.00496080e-05 delta=4.25069103e-10 rel=0.004% chunks=1/24 time=2.2s
[35/45] blk.17.ffn_gate.weight IQ2_S shape=(2560, 9728)
  init=3.57955828e-05 accepted=3.57913232e-05 delta=4.25957535e-09 rel=0.012% chunks=10/24 time=1.9s
[36/45] blk.17.ffn_up.weight IQ2_S shape=(2560, 9728)
  init=3.43636106e-05 accepted=3.43627041e-05 delta=9.06507730e-10 rel=0.003% chunks=3/24 time=1.9s
[37/45] blk.18.attn_k.weight IQ2_XS shape=(2560, 1024)
  init=4.53928355e-05 accepted=4.53289904e-05 delta=6.38450729e-08 rel=0.141% chunks=3/3 time=0.2s
[38/45] blk.18.attn_q.weight IQ2_XS shape=(2560, 4096)
  init=4.82007872e-05 accepted=4.81766583e-05 delta=2.41288944e-08 rel=0.050% chunks=9/10 time=0.7s
[39/45] blk.18.ffn_down.weight IQ3_S shape=(9728, 2560)
  init=1.00622779e-05 accepted=1.00622779e-05 delta=0.00000000e+00 rel=0.000% chunks=0/24 time=2.2s
[40/45] blk.18.ffn_gate.weight IQ2_S shape=(2560, 9728)
  init=3.50936695e-05 accepted=3.50903951e-05 delta=3.27433410e-09 rel=0.009% chunks=10/24 time=1.9s
[41/45] blk.18.ffn_up.weight IQ2_S shape=(2560, 9728)
  init=3.43724797e-05 accepted=3.43705812e-05 delta=1.89841223e-09 rel=0.006% chunks=6/24 time=1.9s
[42/45] blk.35.attn_k.weight IQ3_XXS shape=(2560, 1024)
  init=1.59791627e-05 accepted=1.59791627e-05 delta=0.00000000e+00 rel=0.000% chunks=0/3 time=0.2s
[43/45] blk.35.attn_q.weight IQ3_XXS shape=(2560, 4096)
  init=1.72438712e-05 accepted=1.72438194e-05 delta=5.18411980e-11 rel=0.000% chunks=1/10 time=0.8s
[44/45] blk.35.ffn_gate.weight IQ3_S shape=(2560, 9728)
  init=1.24927946e-05 accepted=1.24894122e-05 delta=3.38241080e-09 rel=0.027% chunks=11/24 time=2.1s
[45/45] blk.35.ffn_up.weight IQ3_S shape=(2560, 9728)
  init=1.30075324e-05 accepted=1.30074429e-05 delta=8.95325732e-11 rel=0.001% chunks=1/24 time=2.2s

Per-layer accepted reconstruction MSE reduction:
layer=0 tensors=4 1.20755146e-05->1.20750414e-05 delta=4.73240410e-10 rel=0.004%
layer=1 tensors=4 9.74841706e-06->9.74684723e-06 delta=1.56983333e-09 rel=0.016%
layer=6 tensors=4 1.36837652e-05->1.36826195e-05 delta=1.14572079e-09 rel=0.008%
layer=7 tensors=5 3.29003846e-05->3.28709848e-05 delta=2.93998425e-08 rel=0.089%
layer=14 tensors=5 3.10844024e-05->3.10763384e-05 delta=8.06397640e-09 rel=0.026%
layer=15 tensors=5 3.03902115e-05->3.03816032e-05 delta=8.60830491e-09 rel=0.028%
layer=16 tensors=4 1.22848307e-05->1.22839971e-05 delta=8.33642844e-10 rel=0.007%
layer=17 tensors=5 3.02147840e-05->3.02089802e-05 delta=5.80380334e-09 rel=0.019%
layer=18 tensors=5 2.96631654e-05->2.96569116e-05 delta=6.25378331e-09 rel=0.021%
layer=35 tensors=4 1.36336564e-05->1.36322735e-05 delta=1.38295112e-09 rel=0.010%

Wrote results to runtime/gsvq_iquant_hparam/20260516-041814/full/scale_0.5_20/20260516-042654_tuned
