GSVQ IQuant sweep: tensors=18 preset=tuned device=cuda:5
[1/18] blk.0.attn_k.weight IQ3_XXS shape=(2560, 1024)
  init=1.93522264e-05 accepted=1.93393571e-05 delta=1.28693500e-08 rel=0.067% chunks=1/1 time=1.3s
[2/18] blk.0.attn_q.weight IQ3_XXS shape=(2560, 4096)
  init=9.71712871e-06 accepted=9.71711142e-06 delta=1.72803993e-11 rel=0.000% chunks=1/1 time=0.1s
[3/18] blk.0.ffn_gate.weight IQ3_S shape=(2560, 9728)
  init=1.72211221e-05 accepted=1.66210939e-05 delta=6.00028216e-07 rel=3.484% chunks=1/1 time=0.1s
[4/18] blk.0.ffn_up.weight IQ3_S shape=(2560, 9728)
  init=1.06598964e-05 accepted=1.03157163e-05 delta=3.44180080e-07 rel=3.229% chunks=1/1 time=0.1s
[5/18] blk.7.attn_k.weight IQ2_XS shape=(2560, 1024)
  init=4.81951356e-05 accepted=4.76558926e-05 delta=5.39243047e-07 rel=1.119% chunks=1/1 time=0.1s
[6/18] blk.7.attn_q.weight IQ2_XS shape=(2560, 4096)
  init=5.55055485e-05 accepted=5.51523663e-05 delta=3.53182259e-07 rel=0.636% chunks=1/1 time=0.1s
[7/18] blk.7.ffn_down.weight IQ3_S shape=(9728, 2560)
  init=1.24313920e-05 accepted=1.23664049e-05 delta=6.49870344e-08 rel=0.523% chunks=1/1 time=0.1s
[8/18] blk.7.ffn_gate.weight IQ2_S shape=(2560, 9728)
  init=4.93316620e-05 accepted=4.86802055e-05 delta=6.51456503e-07 rel=1.321% chunks=1/1 time=0.1s
[9/18] blk.7.ffn_up.weight IQ2_S shape=(2560, 9728)
  init=3.82630642e-05 accepted=3.80223137e-05 delta=2.40750524e-07 rel=0.629% chunks=1/1 time=0.1s
[10/18] blk.14.attn_k.weight IQ2_XS shape=(2560, 1024)
  init=5.66479684e-05 accepted=5.64498623e-05 delta=1.98106136e-07 rel=0.350% chunks=1/1 time=0.1s
[11/18] blk.14.attn_q.weight IQ2_XS shape=(2560, 4096)
  init=4.18440286e-05 accepted=4.17717238e-05 delta=7.23048288e-08 rel=0.173% chunks=1/1 time=0.1s
[12/18] blk.14.ffn_down.weight IQ3_S shape=(9728, 2560)
  init=2.29003235e-05 accepted=2.27808796e-05 delta=1.19443939e-07 rel=0.522% chunks=1/1 time=0.1s
[13/18] blk.14.ffn_gate.weight IQ2_S shape=(2560, 9728)
  init=6.35963297e-05 accepted=6.34701864e-05 delta=1.26143277e-07 rel=0.198% chunks=1/1 time=0.1s
[14/18] blk.14.ffn_up.weight IQ2_S shape=(2560, 9728)
  init=3.55643351e-05 accepted=3.55161901e-05 delta=4.81450115e-08 rel=0.135% chunks=1/1 time=0.1s
[15/18] blk.35.attn_k.weight IQ3_XXS shape=(2560, 1024)
  init=1.59844913e-05 accepted=1.59841366e-05 delta=3.54702934e-10 rel=0.002% chunks=1/1 time=0.1s
[16/18] blk.35.attn_q.weight IQ3_XXS shape=(2560, 4096)
  init=1.83727916e-05 accepted=1.83727916e-05 delta=0.00000000e+00 rel=0.000% chunks=0/1 time=0.1s
[17/18] blk.35.ffn_gate.weight IQ3_S shape=(2560, 9728)
  init=8.89753574e-06 accepted=8.82569839e-06 delta=7.18373485e-08 rel=0.807% chunks=1/1 time=0.1s
[18/18] blk.35.ffn_up.weight IQ3_S shape=(2560, 9728)
  init=9.02581996e-06 accepted=9.01425301e-06 delta=1.15669536e-08 rel=0.128% chunks=1/1 time=0.1s

Per-layer accepted reconstruction MSE reduction:
layer=0 tensors=4 1.42375934e-05->1.39983197e-05 delta=2.39273731e-07 rel=1.681%
layer=7 tensors=5 4.07453605e-05->4.03754366e-05 delta=3.69923873e-07 rel=0.908%
layer=14 tensors=5 4.41105971e-05->4.39977684e-05 delta=1.12828639e-07 rel=0.256%
layer=35 tensors=4 1.30701596e-05->1.30492199e-05 delta=2.09397513e-08 rel=0.160%

Wrote results to runtime/gsvq_iquant_hparam/20260516-041814/search/hard_lion_lr005_steps50/20260516-042429_tuned
