GSVQ IQuant sweep: tensors=18 preset=tuned device=cuda:7
[1/18] blk.0.attn_k.weight IQ3_XXS shape=(2560, 1024)
  init=1.93522264e-05 accepted=1.93271771e-05 delta=2.50493031e-08 rel=0.129% chunks=1/1 time=1.4s
[2/18] blk.0.attn_q.weight IQ3_XXS shape=(2560, 4096)
  init=9.71712871e-06 accepted=9.71700592e-06 delta=1.22781785e-10 rel=0.001% chunks=1/1 time=0.0s
[3/18] blk.0.ffn_gate.weight IQ3_S shape=(2560, 9728)
  init=1.72211221e-05 accepted=1.66516620e-05 delta=5.69460099e-07 rel=3.307% chunks=1/1 time=0.0s
[4/18] blk.0.ffn_up.weight IQ3_S shape=(2560, 9728)
  init=1.06598964e-05 accepted=1.04238507e-05 delta=2.36045707e-07 rel=2.214% chunks=1/1 time=0.0s
[5/18] blk.7.attn_k.weight IQ2_XS shape=(2560, 1024)
  init=4.81951356e-05 accepted=4.81689858e-05 delta=2.61497917e-08 rel=0.054% chunks=1/1 time=0.0s
[6/18] blk.7.attn_q.weight IQ2_XS shape=(2560, 4096)
  init=5.55055485e-05 accepted=5.55020742e-05 delta=3.47426976e-09 rel=0.006% chunks=1/1 time=0.0s
[7/18] blk.7.ffn_down.weight IQ3_S shape=(9728, 2560)
  init=1.24313920e-05 accepted=1.24313920e-05 delta=0.00000000e+00 rel=0.000% chunks=0/1 time=0.0s
[8/18] blk.7.ffn_gate.weight IQ2_S shape=(2560, 9728)
  init=4.93316620e-05 accepted=4.85986457e-05 delta=7.33016350e-07 rel=1.486% chunks=1/1 time=0.0s
[9/18] blk.7.ffn_up.weight IQ2_S shape=(2560, 9728)
  init=3.82630642e-05 accepted=3.81640821e-05 delta=9.89821274e-08 rel=0.259% chunks=1/1 time=0.0s
[10/18] blk.14.attn_k.weight IQ2_XS shape=(2560, 1024)
  init=5.66479684e-05 accepted=5.66479684e-05 delta=0.00000000e+00 rel=0.000% chunks=0/1 time=0.0s
[11/18] blk.14.attn_q.weight IQ2_XS shape=(2560, 4096)
  init=4.18440286e-05 accepted=4.18368727e-05 delta=7.15590431e-09 rel=0.017% chunks=1/1 time=0.1s
[12/18] blk.14.ffn_down.weight IQ3_S shape=(9728, 2560)
  init=2.29003235e-05 accepted=2.29003235e-05 delta=0.00000000e+00 rel=0.000% chunks=0/1 time=0.0s
[13/18] blk.14.ffn_gate.weight IQ2_S shape=(2560, 9728)
  init=6.35963297e-05 accepted=6.35109536e-05 delta=8.53760866e-08 rel=0.134% chunks=1/1 time=0.0s
[14/18] blk.14.ffn_up.weight IQ2_S shape=(2560, 9728)
  init=3.55643351e-05 accepted=3.55643351e-05 delta=0.00000000e+00 rel=0.000% chunks=0/1 time=0.0s
[15/18] blk.35.attn_k.weight IQ3_XXS shape=(2560, 1024)
  init=1.59844913e-05 accepted=1.59844913e-05 delta=0.00000000e+00 rel=0.000% chunks=0/1 time=0.0s
[16/18] blk.35.attn_q.weight IQ3_XXS shape=(2560, 4096)
  init=1.83727916e-05 accepted=1.83727916e-05 delta=0.00000000e+00 rel=0.000% chunks=0/1 time=0.0s
[17/18] blk.35.ffn_gate.weight IQ3_S shape=(2560, 9728)
  init=8.89753574e-06 accepted=8.77319508e-06 delta=1.24340659e-07 rel=1.397% chunks=1/1 time=0.0s
[18/18] blk.35.ffn_up.weight IQ3_S shape=(2560, 9728)
  init=9.02581996e-06 accepted=9.02581996e-06 delta=0.00000000e+00 rel=0.000% chunks=0/1 time=0.0s

Per-layer accepted reconstruction MSE reduction:
layer=0 tensors=4 1.42375934e-05->1.40299239e-05 delta=2.07669473e-07 rel=1.459%
layer=7 tensors=5 4.07453605e-05->4.05730359e-05 delta=1.72324508e-07 rel=0.423%
layer=14 tensors=5 4.41105971e-05->4.40920907e-05 delta=1.85063982e-08 rel=0.042%
layer=35 tensors=4 1.30701596e-05->1.30390745e-05 delta=3.10851647e-08 rel=0.238%

Wrote results to runtime/gsvq_iquant_hparam/20260516-041814/search/hard_temp_low_lr01/20260516-042408_tuned
