GSVQ IQuant sweep: tensors=45 preset=tuned device=cuda:5
[1/45] blk.0.attn_k.weight IQ3_XXS shape=(2560, 1024)
  init=2.05760007e-05 accepted=2.05732511e-05 delta=2.74958438e-09 rel=0.013% chunks=2/3 time=1.9s
[2/45] blk.0.attn_q.weight IQ3_XXS shape=(2560, 4096)
  init=1.84959273e-05 accepted=1.84887002e-05 delta=7.22711775e-09 rel=0.039% chunks=6/10 time=0.6s
[3/45] blk.0.ffn_gate.weight IQ3_S shape=(2560, 9728)
  init=1.10163828e-05 accepted=1.10152460e-05 delta=1.13681094e-09 rel=0.010% chunks=3/24 time=1.6s
[4/45] blk.0.ffn_up.weight IQ3_S shape=(2560, 9728)
  init=9.53652671e-06 accepted=9.53614021e-06 delta=3.86506527e-10 rel=0.004% chunks=3/24 time=1.6s
[5/45] blk.1.attn_k.weight IQ3_XXS shape=(2560, 1024)
  init=1.87695514e-05 accepted=1.87617385e-05 delta=7.81292329e-09 rel=0.042% chunks=3/3 time=0.2s
[6/45] blk.1.attn_q.weight IQ3_XXS shape=(2560, 4096)
  init=1.72237023e-05 accepted=1.72055065e-05 delta=1.81958058e-08 rel=0.106% chunks=10/10 time=0.6s
[7/45] blk.1.ffn_gate.weight IQ3_S shape=(2560, 9728)
  init=1.05864599e-05 accepted=1.05857789e-05 delta=6.80953044e-10 rel=0.006% chunks=3/24 time=1.6s
[8/45] blk.1.ffn_up.weight IQ3_S shape=(2560, 9728)
  init=4.81329263e-06 accepted=4.81329263e-06 delta=0.00000000e+00 rel=0.000% chunks=0/24 time=1.7s
[9/45] blk.6.attn_k.weight IQ3_XXS shape=(2560, 1024)
  init=1.86464094e-05 accepted=1.86297544e-05 delta=1.66550308e-08 rel=0.089% chunks=3/3 time=0.2s
[10/45] blk.6.attn_q.weight IQ3_XXS shape=(2560, 4096)
  init=1.95944758e-05 accepted=1.95749961e-05 delta=1.94797394e-08 rel=0.099% chunks=8/10 time=0.6s
[11/45] blk.6.ffn_gate.weight IQ3_S shape=(2560, 9728)
  init=1.47996464e-05 accepted=1.47966860e-05 delta=2.96037653e-09 rel=0.020% chunks=14/24 time=1.6s
[12/45] blk.6.ffn_up.weight IQ3_S shape=(2560, 9728)
  init=9.55678005e-06 accepted=9.55653041e-06 delta=2.49641935e-10 rel=0.003% chunks=3/24 time=1.6s
[13/45] blk.7.attn_k.weight IQ2_XS shape=(2560, 1024)
  init=5.07169716e-05 accepted=5.04412848e-05 delta=2.75686762e-07 rel=0.544% chunks=3/3 time=0.1s
[14/45] blk.7.attn_q.weight IQ2_XS shape=(2560, 4096)
  init=4.97437715e-05 accepted=4.96094275e-05 delta=1.34344009e-07 rel=0.270% chunks=10/10 time=0.5s
[15/45] blk.7.ffn_down.weight IQ3_S shape=(9728, 2560)
  init=9.67710119e-06 accepted=9.67676692e-06 delta=3.34272811e-10 rel=0.003% chunks=2/24 time=1.6s
[16/45] blk.7.ffn_gate.weight IQ2_S shape=(2560, 9728)
  init=4.80901347e-05 accepted=4.79791100e-05 delta=1.11024680e-07 rel=0.231% chunks=23/24 time=1.6s
[17/45] blk.7.ffn_up.weight IQ2_S shape=(2560, 9728)
  init=3.19665355e-05 accepted=3.19618644e-05 delta=4.67116479e-09 rel=0.015% chunks=7/24 time=1.5s
[18/45] blk.14.attn_k.weight IQ2_XS shape=(2560, 1024)
  init=5.00002439e-05 accepted=4.99271526e-05 delta=7.30913598e-08 rel=0.146% chunks=3/3 time=0.2s
[19/45] blk.14.attn_q.weight IQ2_XS shape=(2560, 4096)
  init=5.02440758e-05 accepted=5.01766845e-05 delta=6.73913746e-08 rel=0.134% chunks=10/10 time=0.5s
[20/45] blk.14.ffn_down.weight IQ3_S shape=(9728, 2560)
  init=1.04058129e-05 accepted=1.04053768e-05 delta=4.36097923e-10 rel=0.004% chunks=1/24 time=1.6s
[21/45] blk.14.ffn_gate.weight IQ2_S shape=(2560, 9728)
  init=3.74512523e-05 accepted=3.74353701e-05 delta=1.58821900e-08 rel=0.042% chunks=18/24 time=1.5s
[22/45] blk.14.ffn_up.weight IQ2_S shape=(2560, 9728)
  init=3.53377700e-05 accepted=3.53328891e-05 delta=4.88086555e-09 rel=0.014% chunks=17/24 time=1.5s
[23/45] blk.15.attn_k.weight IQ2_XS shape=(2560, 1024)
  init=5.01093578e-05 accepted=5.00012939e-05 delta=1.08063978e-07 rel=0.216% chunks=3/3 time=0.2s
[24/45] blk.15.attn_q.weight IQ2_XS shape=(2560, 4096)
  init=5.20571921e-05 accepted=5.19920508e-05 delta=6.51412847e-08 rel=0.125% chunks=10/10 time=0.5s
[25/45] blk.15.ffn_down.weight IQ3_S shape=(9728, 2560)
  init=1.02953659e-05 accepted=1.02949747e-05 delta=3.91216753e-10 rel=0.004% chunks=2/24 time=1.7s
[26/45] blk.15.ffn_gate.weight IQ2_S shape=(2560, 9728)
  init=3.50640222e-05 accepted=3.50458264e-05 delta=1.81957914e-08 rel=0.052% chunks=18/24 time=1.5s
[27/45] blk.15.ffn_up.weight IQ2_S shape=(2560, 9728)
  init=3.46126078e-05 accepted=3.46067057e-05 delta=5.90206534e-09 rel=0.017% chunks=14/24 time=1.6s
[28/45] blk.16.attn_k.weight IQ3_XXS shape=(2560, 1024)
  init=1.76421341e-05 accepted=1.76394911e-05 delta=2.64299160e-09 rel=0.015% chunks=3/3 time=0.2s
[29/45] blk.16.attn_q.weight IQ3_XXS shape=(2560, 4096)
  init=1.83967311e-05 accepted=1.83910537e-05 delta=5.67742973e-09 rel=0.031% chunks=9/10 time=0.6s
[30/45] blk.16.ffn_gate.weight IQ3_S shape=(2560, 9728)
  init=1.11175008e-05 accepted=1.11162231e-05 delta=1.27765816e-09 rel=0.011% chunks=4/24 time=1.6s
[31/45] blk.16.ffn_up.weight IQ3_S shape=(2560, 9728)
  init=1.03148022e-05 accepted=1.03122745e-05 delta=2.52770597e-09 rel=0.025% chunks=2/24 time=1.6s
[32/45] blk.17.attn_k.weight IQ2_XS shape=(2560, 1024)
  init=4.42632409e-05 accepted=4.41584416e-05 delta=1.04799255e-07 rel=0.237% chunks=3/3 time=0.2s
[33/45] blk.17.attn_q.weight IQ2_XS shape=(2560, 4096)
  init=5.14860931e-05 accepted=5.14327901e-05 delta=5.33029379e-08 rel=0.104% chunks=10/10 time=0.5s
[34/45] blk.17.ffn_down.weight IQ3_S shape=(9728, 2560)
  init=1.00500331e-05 accepted=1.00490893e-05 delta=9.43787439e-10 rel=0.009% chunks=3/24 time=1.6s
[35/45] blk.17.ffn_gate.weight IQ2_S shape=(2560, 9728)
  init=3.57955828e-05 accepted=3.57804753e-05 delta=1.51074920e-08 rel=0.042% chunks=19/24 time=1.6s
[36/45] blk.17.ffn_up.weight IQ2_S shape=(2560, 9728)
  init=3.43636106e-05 accepted=3.43605907e-05 delta=3.01990536e-09 rel=0.009% chunks=14/24 time=1.6s
[37/45] blk.18.attn_k.weight IQ2_XS shape=(2560, 1024)
  init=4.53928355e-05 accepted=4.52628185e-05 delta=1.30016997e-07 rel=0.286% chunks=3/3 time=0.1s
[38/45] blk.18.attn_q.weight IQ2_XS shape=(2560, 4096)
  init=4.82007872e-05 accepted=4.81450908e-05 delta=5.56963641e-08 rel=0.116% chunks=10/10 time=0.5s
[39/45] blk.18.ffn_down.weight IQ3_S shape=(9728, 2560)
  init=1.00622779e-05 accepted=1.00619092e-05 delta=3.68622989e-10 rel=0.004% chunks=3/24 time=1.6s
[40/45] blk.18.ffn_gate.weight IQ2_S shape=(2560, 9728)
  init=3.50936695e-05 accepted=3.50802456e-05 delta=1.34238354e-08 rel=0.038% chunks=17/24 time=1.6s
[41/45] blk.18.ffn_up.weight IQ2_S shape=(2560, 9728)
  init=3.43724797e-05 accepted=3.43669760e-05 delta=5.50361093e-09 rel=0.016% chunks=15/24 time=1.6s
[42/45] blk.35.attn_k.weight IQ3_XXS shape=(2560, 1024)
  init=1.59791627e-05 accepted=1.59784890e-05 delta=6.73753675e-10 rel=0.004% chunks=1/3 time=0.2s
[43/45] blk.35.attn_q.weight IQ3_XXS shape=(2560, 4096)
  init=1.72438712e-05 accepted=1.72416998e-05 delta=2.17141860e-09 rel=0.013% chunks=6/10 time=0.6s
[44/45] blk.35.ffn_gate.weight IQ3_S shape=(2560, 9728)
  init=1.24927946e-05 accepted=1.24833772e-05 delta=9.41740597e-09 rel=0.075% chunks=21/24 time=1.6s
[45/45] blk.35.ffn_up.weight IQ3_S shape=(2560, 9728)
  init=1.30075324e-05 accepted=1.30068377e-05 delta=6.94758216e-10 rel=0.005% chunks=4/24 time=1.7s

Per-layer accepted reconstruction MSE reduction:
layer=0 tensors=4 1.20755146e-05->1.20735925e-05 delta=1.92206547e-09 rel=0.016%
layer=1 tensors=4 9.74841706e-06->9.74478935e-06 delta=3.62771668e-09 rel=0.037%
layer=6 tensors=4 1.36837652e-05->1.36785540e-05 delta=5.21121516e-09 rel=0.038%
layer=7 tensors=5 3.29003846e-05->3.28432101e-05 delta=5.71745944e-08 rel=0.174%
layer=14 tensors=5 3.10844024e-05->3.10681621e-05 delta=1.62402632e-08 rel=0.052%
layer=15 tensors=5 3.03902115e-05->3.03722630e-05 delta=1.79485169e-08 rel=0.059%
layer=16 tensors=4 1.22848307e-05->1.22822680e-05 delta=2.56265290e-09 rel=0.021%
layer=17 tensors=5 3.02147840e-05->3.01998829e-05 delta=1.49011123e-08 rel=0.049%
layer=18 tensors=5 2.96631654e-05->2.96471620e-05 delta=1.60034362e-08 rel=0.054%
layer=35 tensors=4 1.36336564e-05->1.36292637e-05 delta=4.39270783e-09 rel=0.032%

Wrote results to runtime/gsvq_iquant_hparam/20260516-041814/full/cand_4_n2_t2/20260516-042450_tuned
